#! /usr/bin/vvp
:ivl_version "12.0 (stable)";
:ivl_delay_selection "TYPICAL";
:vpi_time_precision - 12;
:vpi_module "/usr/lib/x86_64-linux-gnu/ivl/system.vpi";
:vpi_module "/usr/lib/x86_64-linux-gnu/ivl/vhdl_sys.vpi";
:vpi_module "/usr/lib/x86_64-linux-gnu/ivl/vhdl_textio.vpi";
:vpi_module "/usr/lib/x86_64-linux-gnu/ivl/v2005_math.vpi";
:vpi_module "/usr/lib/x86_64-linux-gnu/ivl/va_math.vpi";
S_0x62dbc51cfca0 .scope module, "divider_tb" "divider_tb" 2 3;
 .timescale -9 -12;
v0x62dbc52022f0_0 .var "a", 3 0;
v0x62dbc52023d0_0 .var "b", 3 0;
v0x62dbc5202470_0 .net "quotient", 3 0, L_0x62dbc520b8a0;  1 drivers
v0x62dbc5202570_0 .net "remainder", 3 0, L_0x62dbc520bdc0;  1 drivers
v0x62dbc5202640_0 .net "zf", 0 0, L_0x62dbc520bc80;  1 drivers
S_0x62dbc51a5cb0 .scope module, "dut" "unsigned_divider" 2 10, 3 57 0, S_0x62dbc51cfca0;
 .timescale -9 -12;
    .port_info 0 /INPUT 4 "dividend";
    .port_info 1 /INPUT 4 "divisor";
    .port_info 2 /OUTPUT 4 "quotient";
    .port_info 3 /OUTPUT 4 "remainder";
    .port_info 4 /OUTPUT 1 "zero_flag";
P_0x62dbc51b3fb0 .param/l "n_bits" 0 3 58, +C4<00000000000000000000000000000100>;
L_0x62dbc520bdc0 .functor BUFZ 4, v0x62dbc52000e0_0, C4<0000>, C4<0000>, C4<0000>;
L_0x7ecfe80400f0 .functor BUFT 1, C4<0000>, C4<0>, C4<0>, C4<0>;
v0x62dbc52017f0_0 .net/2u *"_ivl_12", 3 0, L_0x7ecfe80400f0;  1 drivers
L_0x7ecfe8040138 .functor BUFT 1, C4<000>, C4<0>, C4<0>, C4<0>;
v0x62dbc52018f0_0 .net/2u *"_ivl_19", 2 0, L_0x7ecfe8040138;  1 drivers
v0x62dbc52019d0_0 .net *"_ivl_22", 0 0, L_0x62dbc520e9e0;  1 drivers
v0x62dbc5201a90 .array "borrows", 3 0;
v0x62dbc5201a90_0 .net v0x62dbc5201a90 0, 3 0, L_0x62dbc520e7b0; 1 drivers
v0x62dbc5201a90_1 .net v0x62dbc5201a90 1, 3 0, L_0x62dbc5205140; 1 drivers
v0x62dbc5201a90_2 .net v0x62dbc5201a90 2, 3 0, L_0x62dbc5207f70; 1 drivers
v0x62dbc5201a90_3 .net v0x62dbc5201a90 3, 3 0, L_0x62dbc520af90; 1 drivers
v0x62dbc5201c10_0 .net "dividend", 3 0, v0x62dbc52022f0_0;  1 drivers
v0x62dbc5201d00_0 .net "divisor", 3 0, v0x62dbc52023d0_0;  1 drivers
v0x62dbc5201e30_0 .net "quotient", 3 0, L_0x62dbc520b8a0;  alias, 1 drivers
v0x62dbc5201ef0_0 .net "remainder", 3 0, L_0x62dbc520bdc0;  alias, 1 drivers
v0x62dbc5201fd0 .array "subtraction_pathway", 3 0;
v0x62dbc5201fd0_0 .net v0x62dbc5201fd0 0, 3 0, v0x62dbc51f2f50_0; 1 drivers
v0x62dbc5201fd0_1 .net v0x62dbc5201fd0 1, 3 0, v0x62dbc51f73b0_0; 1 drivers
v0x62dbc5201fd0_2 .net v0x62dbc5201fd0 2, 3 0, v0x62dbc51fba00_0; 1 drivers
v0x62dbc5201fd0_3 .net v0x62dbc5201fd0 3, 3 0, v0x62dbc52000e0_0; 1 drivers
v0x62dbc52021e0_0 .net "zero_flag", 0 0, L_0x62dbc520bc80;  alias, 1 drivers
L_0x62dbc5205410 .part v0x62dbc52022f0_0, 2, 1;
L_0x62dbc5208240 .part v0x62dbc52022f0_0, 1, 1;
L_0x62dbc520b260 .part v0x62dbc52022f0_0, 0, 1;
L_0x62dbc520b8a0 .concat8 [ 1 1 1 1], L_0x62dbc520b520, L_0x62dbc520b680, L_0x62dbc520b7e0, L_0x62dbc520bb70;
L_0x62dbc520bc80 .cmp/eq 4, v0x62dbc52023d0_0, L_0x7ecfe80400f0;
L_0x62dbc520e9e0 .part v0x62dbc52022f0_0, 3, 1;
L_0x62dbc520eac0 .concat [ 1 3 0 0], L_0x62dbc520e9e0, L_0x7ecfe8040138;
S_0x62dbc51b3440 .scope module, "csub_init" "conditional_subtractor" 3 75, 3 15 0, S_0x62dbc51a5cb0;
 .timescale -9 -12;
    .port_info 0 /INPUT 4 "a";
    .port_info 1 /INPUT 4 "b";
    .port_info 2 /INPUT 1 "initial_borrow";
    .port_info 3 /OUTPUT 4 "result";
    .port_info 4 /OUTPUT 4 "intermediate_borrows";
P_0x62dbc51dd640 .param/l "n_bits" 0 3 16, +C4<00000000000000000000000000000100>;
v0x62dbc51f2c00_0 .net "a", 3 0, L_0x62dbc520eac0;  1 drivers
v0x62dbc51f2d00_0 .net "b", 3 0, v0x62dbc52023d0_0;  alias, 1 drivers
L_0x7ecfe8040180 .functor BUFT 1, C4<0>, C4<0>, C4<0>, C4<0>;
v0x62dbc51f2de0_0 .net "initial_borrow", 0 0, L_0x7ecfe8040180;  1 drivers
v0x62dbc51f2eb0_0 .net "intermediate_borrows", 3 0, L_0x62dbc520e7b0;  alias, 1 drivers
v0x62dbc51f2f50_0 .var "result", 3 0;
v0x62dbc51f3030_0 .net "subtraction_result", 3 0, L_0x62dbc520e650;  1 drivers
E_0x62dbc51916f0 .event anyedge, v0x62dbc51f2eb0_0, v0x62dbc51f2c00_0, v0x62dbc51f3030_0;
L_0x62dbc520c5e0 .part L_0x62dbc520eac0, 1, 1;
L_0x62dbc520c680 .part v0x62dbc52023d0_0, 1, 1;
L_0x62dbc520c7b0 .part L_0x62dbc520e7b0, 0, 1;
L_0x62dbc520cf50 .part L_0x62dbc520eac0, 2, 1;
L_0x62dbc520d040 .part v0x62dbc52023d0_0, 2, 1;
L_0x62dbc520d170 .part L_0x62dbc520e7b0, 1, 1;
L_0x62dbc520d990 .part L_0x62dbc520eac0, 3, 1;
L_0x62dbc520da30 .part v0x62dbc52023d0_0, 3, 1;
L_0x62dbc520dbb0 .part L_0x62dbc520e7b0, 2, 1;
L_0x62dbc520e390 .part L_0x62dbc520eac0, 0, 1;
L_0x62dbc520e520 .part v0x62dbc52023d0_0, 0, 1;
L_0x62dbc520e650 .concat8 [ 1 1 1 1], L_0x62dbc520dd50, L_0x62dbc520bf40, L_0x62dbc520c950, L_0x62dbc520d3e0;
L_0x62dbc520e7b0 .concat8 [ 1 1 1 1], L_0x62dbc520e230, L_0x62dbc520c430, L_0x62dbc520cda0, L_0x62dbc520d7e0;
S_0x62dbc51c0bd0 .scope module, "fs_0" "full_subtractor" 3 27, 3 3 0, S_0x62dbc51b3440;
 .timescale -9 -12;
    .port_info 0 /INPUT 1 "a";
    .port_info 1 /INPUT 1 "b";
    .port_info 2 /INPUT 1 "bi";
    .port_info 3 /OUTPUT 1 "d";
    .port_info 4 /OUTPUT 1 "bl";
L_0x62dbc520dce0 .functor XOR 1, L_0x62dbc520e390, L_0x62dbc520e520, C4<0>, C4<0>;
L_0x62dbc520dd50/d .functor XOR 1, L_0x62dbc520dce0, L_0x7ecfe8040180, C4<0>, C4<0>;
L_0x62dbc520dd50 .delay 1 (1000,1000,1000) L_0x62dbc520dd50/d;
L_0x62dbc520de60 .functor NOT 1, L_0x62dbc520e390, C4<0>, C4<0>, C4<0>;
L_0x62dbc520df20 .functor XOR 1, L_0x62dbc520e520, L_0x7ecfe8040180, C4<0>, C4<0>;
L_0x62dbc520dfe0 .functor AND 1, L_0x62dbc520de60, L_0x62dbc520df20, C4<1>, C4<1>;
L_0x62dbc520e0f0 .functor AND 1, L_0x62dbc520e520, L_0x7ecfe8040180, C4<1>, C4<1>;
L_0x62dbc520e230/d .functor OR 1, L_0x62dbc520dfe0, L_0x62dbc520e0f0, C4<0>, C4<0>;
L_0x62dbc520e230 .delay 1 (1000,1000,1000) L_0x62dbc520e230/d;
v0x62dbc51d5e80_0 .net *"_ivl_0", 0 0, L_0x62dbc520dce0;  1 drivers
v0x62dbc51d2e00_0 .net *"_ivl_10", 0 0, L_0x62dbc520e0f0;  1 drivers
v0x62dbc51dbb10_0 .net *"_ivl_4", 0 0, L_0x62dbc520de60;  1 drivers
v0x62dbc51efb50_0 .net *"_ivl_6", 0 0, L_0x62dbc520df20;  1 drivers
v0x62dbc51efc30_0 .net *"_ivl_8", 0 0, L_0x62dbc520dfe0;  1 drivers
v0x62dbc51efd60_0 .net "a", 0 0, L_0x62dbc520e390;  1 drivers
v0x62dbc51efe20_0 .net "b", 0 0, L_0x62dbc520e520;  1 drivers
v0x62dbc51efee0_0 .net "bi", 0 0, L_0x7ecfe8040180;  alias, 1 drivers
v0x62dbc51effa0_0 .net "bl", 0 0, L_0x62dbc520e230;  1 drivers
v0x62dbc51f0060_0 .net "d", 0 0, L_0x62dbc520dd50;  1 drivers
S_0x62dbc51f01c0 .scope generate, "genblk1[1]" "genblk1[1]" 3 37, 3 37 0, S_0x62dbc51b3440;
 .timescale -9 -12;
P_0x62dbc51f0390 .param/l "i" 1 3 37, +C4<01>;
S_0x62dbc51f0450 .scope module, "fs" "full_subtractor" 3 38, 3 3 0, S_0x62dbc51f01c0;
 .timescale -9 -12;
    .port_info 0 /INPUT 1 "a";
    .port_info 1 /INPUT 1 "b";
    .port_info 2 /INPUT 1 "bi";
    .port_info 3 /OUTPUT 1 "d";
    .port_info 4 /OUTPUT 1 "bl";
L_0x62dbc520bed0 .functor XOR 1, L_0x62dbc520c5e0, L_0x62dbc520c680, C4<0>, C4<0>;
L_0x62dbc520bf40/d .functor XOR 1, L_0x62dbc520bed0, L_0x62dbc520c7b0, C4<0>, C4<0>;
L_0x62dbc520bf40 .delay 1 (1000,1000,1000) L_0x62dbc520bf40/d;
L_0x62dbc520c0a0 .functor NOT 1, L_0x62dbc520c5e0, C4<0>, C4<0>, C4<0>;
L_0x62dbc520c160 .functor XOR 1, L_0x62dbc520c680, L_0x62dbc520c7b0, C4<0>, C4<0>;
L_0x62dbc520c270 .functor AND 1, L_0x62dbc520c0a0, L_0x62dbc520c160, C4<1>, C4<1>;
L_0x62dbc520c380 .functor AND 1, L_0x62dbc520c680, L_0x62dbc520c7b0, C4<1>, C4<1>;
L_0x62dbc520c430/d .functor OR 1, L_0x62dbc520c270, L_0x62dbc520c380, C4<0>, C4<0>;
L_0x62dbc520c430 .delay 1 (1000,1000,1000) L_0x62dbc520c430/d;
v0x62dbc51f0630_0 .net *"_ivl_0", 0 0, L_0x62dbc520bed0;  1 drivers
v0x62dbc51f0730_0 .net *"_ivl_10", 0 0, L_0x62dbc520c380;  1 drivers
v0x62dbc51f0810_0 .net *"_ivl_4", 0 0, L_0x62dbc520c0a0;  1 drivers
v0x62dbc51f0900_0 .net *"_ivl_6", 0 0, L_0x62dbc520c160;  1 drivers
v0x62dbc51f09e0_0 .net *"_ivl_8", 0 0, L_0x62dbc520c270;  1 drivers
v0x62dbc51f0b10_0 .net "a", 0 0, L_0x62dbc520c5e0;  1 drivers
v0x62dbc51f0bd0_0 .net "b", 0 0, L_0x62dbc520c680;  1 drivers
v0x62dbc51f0c90_0 .net "bi", 0 0, L_0x62dbc520c7b0;  1 drivers
v0x62dbc51f0d50_0 .net "bl", 0 0, L_0x62dbc520c430;  1 drivers
v0x62dbc51f0e10_0 .net "d", 0 0, L_0x62dbc520bf40;  1 drivers
S_0x62dbc51f0f70 .scope generate, "genblk1[2]" "genblk1[2]" 3 37, 3 37 0, S_0x62dbc51b3440;
 .timescale -9 -12;
P_0x62dbc51f1120 .param/l "i" 1 3 37, +C4<010>;
S_0x62dbc51f11e0 .scope module, "fs" "full_subtractor" 3 38, 3 3 0, S_0x62dbc51f0f70;
 .timescale -9 -12;
    .port_info 0 /INPUT 1 "a";
    .port_info 1 /INPUT 1 "b";
    .port_info 2 /INPUT 1 "bi";
    .port_info 3 /OUTPUT 1 "d";
    .port_info 4 /OUTPUT 1 "bl";
L_0x62dbc520c8e0 .functor XOR 1, L_0x62dbc520cf50, L_0x62dbc520d040, C4<0>, C4<0>;
L_0x62dbc520c950/d .functor XOR 1, L_0x62dbc520c8e0, L_0x62dbc520d170, C4<0>, C4<0>;
L_0x62dbc520c950 .delay 1 (1000,1000,1000) L_0x62dbc520c950/d;
L_0x62dbc520ca10 .functor NOT 1, L_0x62dbc520cf50, C4<0>, C4<0>, C4<0>;
L_0x62dbc520cad0 .functor XOR 1, L_0x62dbc520d040, L_0x62dbc520d170, C4<0>, C4<0>;
L_0x62dbc520cbe0 .functor AND 1, L_0x62dbc520ca10, L_0x62dbc520cad0, C4<1>, C4<1>;
L_0x62dbc520ccf0 .functor AND 1, L_0x62dbc520d040, L_0x62dbc520d170, C4<1>, C4<1>;
L_0x62dbc520cda0/d .functor OR 1, L_0x62dbc520cbe0, L_0x62dbc520ccf0, C4<0>, C4<0>;
L_0x62dbc520cda0 .delay 1 (1000,1000,1000) L_0x62dbc520cda0/d;
v0x62dbc51f13f0_0 .net *"_ivl_0", 0 0, L_0x62dbc520c8e0;  1 drivers
v0x62dbc51f14f0_0 .net *"_ivl_10", 0 0, L_0x62dbc520ccf0;  1 drivers
v0x62dbc51f15d0_0 .net *"_ivl_4", 0 0, L_0x62dbc520ca10;  1 drivers
v0x62dbc51f16c0_0 .net *"_ivl_6", 0 0, L_0x62dbc520cad0;  1 drivers
v0x62dbc51f17a0_0 .net *"_ivl_8", 0 0, L_0x62dbc520cbe0;  1 drivers
v0x62dbc51f18d0_0 .net "a", 0 0, L_0x62dbc520cf50;  1 drivers
v0x62dbc51f1990_0 .net "b", 0 0, L_0x62dbc520d040;  1 drivers
v0x62dbc51f1a50_0 .net "bi", 0 0, L_0x62dbc520d170;  1 drivers
v0x62dbc51f1b10_0 .net "bl", 0 0, L_0x62dbc520cda0;  1 drivers
v0x62dbc51f1c60_0 .net "d", 0 0, L_0x62dbc520c950;  1 drivers
S_0x62dbc51f1dc0 .scope generate, "genblk1[3]" "genblk1[3]" 3 37, 3 37 0, S_0x62dbc51b3440;
 .timescale -9 -12;
P_0x62dbc51f1f70 .param/l "i" 1 3 37, +C4<011>;
S_0x62dbc51f2050 .scope module, "fs" "full_subtractor" 3 38, 3 3 0, S_0x62dbc51f1dc0;
 .timescale -9 -12;
    .port_info 0 /INPUT 1 "a";
    .port_info 1 /INPUT 1 "b";
    .port_info 2 /INPUT 1 "bi";
    .port_info 3 /OUTPUT 1 "d";
    .port_info 4 /OUTPUT 1 "bl";
L_0x62dbc520d370 .functor XOR 1, L_0x62dbc520d990, L_0x62dbc520da30, C4<0>, C4<0>;
L_0x62dbc520d3e0/d .functor XOR 1, L_0x62dbc520d370, L_0x62dbc520dbb0, C4<0>, C4<0>;
L_0x62dbc520d3e0 .delay 1 (1000,1000,1000) L_0x62dbc520d3e0/d;
L_0x62dbc520d4a0 .functor NOT 1, L_0x62dbc520d990, C4<0>, C4<0>, C4<0>;
L_0x62dbc520d510 .functor XOR 1, L_0x62dbc520da30, L_0x62dbc520dbb0, C4<0>, C4<0>;
L_0x62dbc520d620 .functor AND 1, L_0x62dbc520d4a0, L_0x62dbc520d510, C4<1>, C4<1>;
L_0x62dbc520d730 .functor AND 1, L_0x62dbc520da30, L_0x62dbc520dbb0, C4<1>, C4<1>;
L_0x62dbc520d7e0/d .functor OR 1, L_0x62dbc520d620, L_0x62dbc520d730, C4<0>, C4<0>;
L_0x62dbc520d7e0 .delay 1 (1000,1000,1000) L_0x62dbc520d7e0/d;
v0x62dbc51f2230_0 .net *"_ivl_0", 0 0, L_0x62dbc520d370;  1 drivers
v0x62dbc51f2330_0 .net *"_ivl_10", 0 0, L_0x62dbc520d730;  1 drivers
v0x62dbc51f2410_0 .net *"_ivl_4", 0 0, L_0x62dbc520d4a0;  1 drivers
v0x62dbc51f2500_0 .net *"_ivl_6", 0 0, L_0x62dbc520d510;  1 drivers
v0x62dbc51f25e0_0 .net *"_ivl_8", 0 0, L_0x62dbc520d620;  1 drivers
v0x62dbc51f2710_0 .net "a", 0 0, L_0x62dbc520d990;  1 drivers
v0x62dbc51f27d0_0 .net "b", 0 0, L_0x62dbc520da30;  1 drivers
v0x62dbc51f2890_0 .net "bi", 0 0, L_0x62dbc520dbb0;  1 drivers
v0x62dbc51f2950_0 .net "bl", 0 0, L_0x62dbc520d7e0;  1 drivers
v0x62dbc51f2aa0_0 .net "d", 0 0, L_0x62dbc520d3e0;  1 drivers
S_0x62dbc51f31b0 .scope generate, "gen_csubs[1]" "gen_csubs[1]" 3 85, 3 85 0, S_0x62dbc51a5cb0;
 .timescale -9 -12;
P_0x62dbc51f33d0 .param/l "i" 1 3 85, +C4<01>;
v0x62dbc51f75f0_0 .net *"_ivl_2", 2 0, L_0x62dbc5205320;  1 drivers
v0x62dbc51f76f0_0 .net *"_ivl_3", 0 0, L_0x62dbc5205410;  1 drivers
L_0x62dbc5205320 .part v0x62dbc51f2f50_0, 0, 3;
L_0x62dbc5205500 .concat [ 1 3 0 0], L_0x62dbc5205410, L_0x62dbc5205320;
S_0x62dbc51f3490 .scope module, "csub" "conditional_subtractor" 3 88, 3 15 0, S_0x62dbc51f31b0;
 .timescale -9 -12;
    .port_info 0 /INPUT 4 "a";
    .port_info 1 /INPUT 4 "b";
    .port_info 2 /INPUT 1 "initial_borrow";
    .port_info 3 /OUTPUT 4 "result";
    .port_info 4 /OUTPUT 4 "intermediate_borrows";
P_0x62dbc51f3670 .param/l "n_bits" 0 3 16, +C4<00000000000000000000000000000100>;
v0x62dbc51f7050_0 .net "a", 3 0, L_0x62dbc5205500;  1 drivers
v0x62dbc51f7150_0 .net "b", 3 0, v0x62dbc52023d0_0;  alias, 1 drivers
L_0x7ecfe8040018 .functor BUFT 1, C4<0>, C4<0>, C4<0>, C4<0>;
v0x62dbc51f7210_0 .net "initial_borrow", 0 0, L_0x7ecfe8040018;  1 drivers
v0x62dbc51f7310_0 .net "intermediate_borrows", 3 0, L_0x62dbc5205140;  alias, 1 drivers
v0x62dbc51f73b0_0 .var "result", 3 0;
v0x62dbc51f7470_0 .net "subtraction_result", 3 0, L_0x62dbc5204fe0;  1 drivers
E_0x62dbc51920d0 .event anyedge, v0x62dbc51f7310_0, v0x62dbc51f7050_0, v0x62dbc51f7470_0;
L_0x62dbc5202ec0 .part L_0x62dbc5205500, 1, 1;
L_0x62dbc5202f60 .part v0x62dbc52023d0_0, 1, 1;
L_0x62dbc5203090 .part L_0x62dbc5205140, 0, 1;
L_0x62dbc52038e0 .part L_0x62dbc5205500, 2, 1;
L_0x62dbc5203a00 .part v0x62dbc52023d0_0, 2, 1;
L_0x62dbc5203b30 .part L_0x62dbc5205140, 1, 1;
L_0x62dbc5204340 .part L_0x62dbc5205500, 3, 1;
L_0x62dbc52043e0 .part v0x62dbc52023d0_0, 3, 1;
L_0x62dbc5204560 .part L_0x62dbc5205140, 2, 1;
L_0x62dbc5204d20 .part L_0x62dbc5205500, 0, 1;
L_0x62dbc5204eb0 .part v0x62dbc52023d0_0, 0, 1;
L_0x62dbc5204fe0 .concat8 [ 1 1 1 1], L_0x62dbc5204700, L_0x62dbc52027e0, L_0x62dbc5203230, L_0x62dbc5203d10;
L_0x62dbc5205140 .concat8 [ 1 1 1 1], L_0x62dbc5204bc0, L_0x62dbc5202d10, L_0x62dbc5203730, L_0x62dbc5204190;
S_0x62dbc51f3810 .scope module, "fs_0" "full_subtractor" 3 27, 3 3 0, S_0x62dbc51f3490;
 .timescale -9 -12;
    .port_info 0 /INPUT 1 "a";
    .port_info 1 /INPUT 1 "b";
    .port_info 2 /INPUT 1 "bi";
    .port_info 3 /OUTPUT 1 "d";
    .port_info 4 /OUTPUT 1 "bl";
L_0x62dbc5204690 .functor XOR 1, L_0x62dbc5204d20, L_0x62dbc5204eb0, C4<0>, C4<0>;
L_0x62dbc5204700/d .functor XOR 1, L_0x62dbc5204690, L_0x7ecfe8040018, C4<0>, C4<0>;
L_0x62dbc5204700 .delay 1 (1000,1000,1000) L_0x62dbc5204700/d;
L_0x62dbc52047c0 .functor NOT 1, L_0x62dbc5204d20, C4<0>, C4<0>, C4<0>;
L_0x62dbc5204880 .functor XOR 1, L_0x62dbc5204eb0, L_0x7ecfe8040018, C4<0>, C4<0>;
L_0x62dbc5204970 .functor AND 1, L_0x62dbc52047c0, L_0x62dbc5204880, C4<1>, C4<1>;
L_0x62dbc5204a80 .functor AND 1, L_0x62dbc5204eb0, L_0x7ecfe8040018, C4<1>, C4<1>;
L_0x62dbc5204bc0/d .functor OR 1, L_0x62dbc5204970, L_0x62dbc5204a80, C4<0>, C4<0>;
L_0x62dbc5204bc0 .delay 1 (1000,1000,1000) L_0x62dbc5204bc0/d;
v0x62dbc51f3ac0_0 .net *"_ivl_0", 0 0, L_0x62dbc5204690;  1 drivers
v0x62dbc51f3bc0_0 .net *"_ivl_10", 0 0, L_0x62dbc5204a80;  1 drivers
v0x62dbc51f3ca0_0 .net *"_ivl_4", 0 0, L_0x62dbc52047c0;  1 drivers
v0x62dbc51f3d90_0 .net *"_ivl_6", 0 0, L_0x62dbc5204880;  1 drivers
v0x62dbc51f3e70_0 .net *"_ivl_8", 0 0, L_0x62dbc5204970;  1 drivers
v0x62dbc51f3fa0_0 .net "a", 0 0, L_0x62dbc5204d20;  1 drivers
v0x62dbc51f4060_0 .net "b", 0 0, L_0x62dbc5204eb0;  1 drivers
v0x62dbc51f4120_0 .net "bi", 0 0, L_0x7ecfe8040018;  alias, 1 drivers
v0x62dbc51f41e0_0 .net "bl", 0 0, L_0x62dbc5204bc0;  1 drivers
v0x62dbc51f42a0_0 .net "d", 0 0, L_0x62dbc5204700;  1 drivers
S_0x62dbc51f4400 .scope generate, "genblk1[1]" "genblk1[1]" 3 37, 3 37 0, S_0x62dbc51f3490;
 .timescale -9 -12;
P_0x62dbc51f45d0 .param/l "i" 1 3 37, +C4<01>;
S_0x62dbc51f4690 .scope module, "fs" "full_subtractor" 3 38, 3 3 0, S_0x62dbc51f4400;
 .timescale -9 -12;
    .port_info 0 /INPUT 1 "a";
    .port_info 1 /INPUT 1 "b";
    .port_info 2 /INPUT 1 "bi";
    .port_info 3 /OUTPUT 1 "d";
    .port_info 4 /OUTPUT 1 "bl";
L_0x62dbc52026e0 .functor XOR 1, L_0x62dbc5202ec0, L_0x62dbc5202f60, C4<0>, C4<0>;
L_0x62dbc52027e0/d .functor XOR 1, L_0x62dbc52026e0, L_0x62dbc5203090, C4<0>, C4<0>;
L_0x62dbc52027e0 .delay 1 (1000,1000,1000) L_0x62dbc52027e0/d;
L_0x62dbc5202920 .functor NOT 1, L_0x62dbc5202ec0, C4<0>, C4<0>, C4<0>;
L_0x62dbc5202a10 .functor XOR 1, L_0x62dbc5202f60, L_0x62dbc5203090, C4<0>, C4<0>;
L_0x62dbc5202b50 .functor AND 1, L_0x62dbc5202920, L_0x62dbc5202a10, C4<1>, C4<1>;
L_0x62dbc5202c60 .functor AND 1, L_0x62dbc5202f60, L_0x62dbc5203090, C4<1>, C4<1>;
L_0x62dbc5202d10/d .functor OR 1, L_0x62dbc5202b50, L_0x62dbc5202c60, C4<0>, C4<0>;
L_0x62dbc5202d10 .delay 1 (1000,1000,1000) L_0x62dbc5202d10/d;
v0x62dbc51f48f0_0 .net *"_ivl_0", 0 0, L_0x62dbc52026e0;  1 drivers
v0x62dbc51f49f0_0 .net *"_ivl_10", 0 0, L_0x62dbc5202c60;  1 drivers
v0x62dbc51f4ad0_0 .net *"_ivl_4", 0 0, L_0x62dbc5202920;  1 drivers
v0x62dbc51f4bc0_0 .net *"_ivl_6", 0 0, L_0x62dbc5202a10;  1 drivers
v0x62dbc51f4ca0_0 .net *"_ivl_8", 0 0, L_0x62dbc5202b50;  1 drivers
v0x62dbc51f4dd0_0 .net "a", 0 0, L_0x62dbc5202ec0;  1 drivers
v0x62dbc51f4e90_0 .net "b", 0 0, L_0x62dbc5202f60;  1 drivers
v0x62dbc51f4f50_0 .net "bi", 0 0, L_0x62dbc5203090;  1 drivers
v0x62dbc51f5010_0 .net "bl", 0 0, L_0x62dbc5202d10;  1 drivers
v0x62dbc51f5160_0 .net "d", 0 0, L_0x62dbc52027e0;  1 drivers
S_0x62dbc51f52c0 .scope generate, "genblk1[2]" "genblk1[2]" 3 37, 3 37 0, S_0x62dbc51f3490;
 .timescale -9 -12;
P_0x62dbc51f5470 .param/l "i" 1 3 37, +C4<010>;
S_0x62dbc51f5530 .scope module, "fs" "full_subtractor" 3 38, 3 3 0, S_0x62dbc51f52c0;
 .timescale -9 -12;
    .port_info 0 /INPUT 1 "a";
    .port_info 1 /INPUT 1 "b";
    .port_info 2 /INPUT 1 "bi";
    .port_info 3 /OUTPUT 1 "d";
    .port_info 4 /OUTPUT 1 "bl";
L_0x62dbc52031c0 .functor XOR 1, L_0x62dbc52038e0, L_0x62dbc5203a00, C4<0>, C4<0>;
L_0x62dbc5203230/d .functor XOR 1, L_0x62dbc52031c0, L_0x62dbc5203b30, C4<0>, C4<0>;
L_0x62dbc5203230 .delay 1 (1000,1000,1000) L_0x62dbc5203230/d;
L_0x62dbc5203340 .functor NOT 1, L_0x62dbc52038e0, C4<0>, C4<0>, C4<0>;
L_0x62dbc5203430 .functor XOR 1, L_0x62dbc5203a00, L_0x62dbc5203b30, C4<0>, C4<0>;
L_0x62dbc5203570 .functor AND 1, L_0x62dbc5203340, L_0x62dbc5203430, C4<1>, C4<1>;
L_0x62dbc5203680 .functor AND 1, L_0x62dbc5203a00, L_0x62dbc5203b30, C4<1>, C4<1>;
L_0x62dbc5203730/d .functor OR 1, L_0x62dbc5203570, L_0x62dbc5203680, C4<0>, C4<0>;
L_0x62dbc5203730 .delay 1 (1000,1000,1000) L_0x62dbc5203730/d;
v0x62dbc51f57c0_0 .net *"_ivl_0", 0 0, L_0x62dbc52031c0;  1 drivers
v0x62dbc51f58c0_0 .net *"_ivl_10", 0 0, L_0x62dbc5203680;  1 drivers
v0x62dbc51f59a0_0 .net *"_ivl_4", 0 0, L_0x62dbc5203340;  1 drivers
v0x62dbc51f5a90_0 .net *"_ivl_6", 0 0, L_0x62dbc5203430;  1 drivers
v0x62dbc51f5b70_0 .net *"_ivl_8", 0 0, L_0x62dbc5203570;  1 drivers
v0x62dbc51f5ca0_0 .net "a", 0 0, L_0x62dbc52038e0;  1 drivers
v0x62dbc51f5d60_0 .net "b", 0 0, L_0x62dbc5203a00;  1 drivers
v0x62dbc51f5e20_0 .net "bi", 0 0, L_0x62dbc5203b30;  1 drivers
v0x62dbc51f5ee0_0 .net "bl", 0 0, L_0x62dbc5203730;  1 drivers
v0x62dbc51f6030_0 .net "d", 0 0, L_0x62dbc5203230;  1 drivers
S_0x62dbc51f6190 .scope generate, "genblk1[3]" "genblk1[3]" 3 37, 3 37 0, S_0x62dbc51f3490;
 .timescale -9 -12;
P_0x62dbc51f6340 .param/l "i" 1 3 37, +C4<011>;
S_0x62dbc51f6420 .scope module, "fs" "full_subtractor" 3 38, 3 3 0, S_0x62dbc51f6190;
 .timescale -9 -12;
    .port_info 0 /INPUT 1 "a";
    .port_info 1 /INPUT 1 "b";
    .port_info 2 /INPUT 1 "bi";
    .port_info 3 /OUTPUT 1 "d";
    .port_info 4 /OUTPUT 1 "bl";
L_0x62dbc5203ca0 .functor XOR 1, L_0x62dbc5204340, L_0x62dbc52043e0, C4<0>, C4<0>;
L_0x62dbc5203d10/d .functor XOR 1, L_0x62dbc5203ca0, L_0x62dbc5204560, C4<0>, C4<0>;
L_0x62dbc5203d10 .delay 1 (1000,1000,1000) L_0x62dbc5203d10/d;
L_0x62dbc5203dd0 .functor NOT 1, L_0x62dbc5204340, C4<0>, C4<0>, C4<0>;
L_0x62dbc5203e90 .functor XOR 1, L_0x62dbc52043e0, L_0x62dbc5204560, C4<0>, C4<0>;
L_0x62dbc5203fd0 .functor AND 1, L_0x62dbc5203dd0, L_0x62dbc5203e90, C4<1>, C4<1>;
L_0x62dbc52040e0 .functor AND 1, L_0x62dbc52043e0, L_0x62dbc5204560, C4<1>, C4<1>;
L_0x62dbc5204190/d .functor OR 1, L_0x62dbc5203fd0, L_0x62dbc52040e0, C4<0>, C4<0>;
L_0x62dbc5204190 .delay 1 (1000,1000,1000) L_0x62dbc5204190/d;
v0x62dbc51f6680_0 .net *"_ivl_0", 0 0, L_0x62dbc5203ca0;  1 drivers
v0x62dbc51f6780_0 .net *"_ivl_10", 0 0, L_0x62dbc52040e0;  1 drivers
v0x62dbc51f6860_0 .net *"_ivl_4", 0 0, L_0x62dbc5203dd0;  1 drivers
v0x62dbc51f6950_0 .net *"_ivl_6", 0 0, L_0x62dbc5203e90;  1 drivers
v0x62dbc51f6a30_0 .net *"_ivl_8", 0 0, L_0x62dbc5203fd0;  1 drivers
v0x62dbc51f6b60_0 .net "a", 0 0, L_0x62dbc5204340;  1 drivers
v0x62dbc51f6c20_0 .net "b", 0 0, L_0x62dbc52043e0;  1 drivers
v0x62dbc51f6ce0_0 .net "bi", 0 0, L_0x62dbc5204560;  1 drivers
v0x62dbc51f6da0_0 .net "bl", 0 0, L_0x62dbc5204190;  1 drivers
v0x62dbc51f6ef0_0 .net "d", 0 0, L_0x62dbc5203d10;  1 drivers
S_0x62dbc51f77d0 .scope generate, "gen_csubs[2]" "gen_csubs[2]" 3 85, 3 85 0, S_0x62dbc51a5cb0;
 .timescale -9 -12;
P_0x62dbc51f79d0 .param/l "i" 1 3 85, +C4<010>;
v0x62dbc51fbcb0_0 .net *"_ivl_2", 2 0, L_0x62dbc5208150;  1 drivers
v0x62dbc51fbdb0_0 .net *"_ivl_3", 0 0, L_0x62dbc5208240;  1 drivers
L_0x62dbc5208150 .part v0x62dbc51f73b0_0, 0, 3;
L_0x62dbc52082e0 .concat [ 1 3 0 0], L_0x62dbc5208240, L_0x62dbc5208150;
S_0x62dbc51f7a90 .scope module, "csub" "conditional_subtractor" 3 88, 3 15 0, S_0x62dbc51f77d0;
 .timescale -9 -12;
    .port_info 0 /INPUT 4 "a";
    .port_info 1 /INPUT 4 "b";
    .port_info 2 /INPUT 1 "initial_borrow";
    .port_info 3 /OUTPUT 4 "result";
    .port_info 4 /OUTPUT 4 "intermediate_borrows";
P_0x62dbc51f7c70 .param/l "n_bits" 0 3 16, +C4<00000000000000000000000000000100>;
v0x62dbc51fb700_0 .net "a", 3 0, L_0x62dbc52082e0;  1 drivers
v0x62dbc51fb800_0 .net "b", 3 0, v0x62dbc52023d0_0;  alias, 1 drivers
L_0x7ecfe8040060 .functor BUFT 1, C4<0>, C4<0>, C4<0>, C4<0>;
v0x62dbc51fb8c0_0 .net "initial_borrow", 0 0, L_0x7ecfe8040060;  1 drivers
v0x62dbc51fb960_0 .net "intermediate_borrows", 3 0, L_0x62dbc5207f70;  alias, 1 drivers
v0x62dbc51fba00_0 .var "result", 3 0;
v0x62dbc51fbb30_0 .net "subtraction_result", 3 0, L_0x62dbc5207e10;  1 drivers
E_0x62dbc5192b30 .event anyedge, v0x62dbc51fb960_0, v0x62dbc51fb700_0, v0x62dbc51fbb30_0;
L_0x62dbc5205d50 .part L_0x62dbc52082e0, 1, 1;
L_0x62dbc5205df0 .part v0x62dbc52023d0_0, 1, 1;
L_0x62dbc5205f20 .part L_0x62dbc5207f70, 0, 1;
L_0x62dbc5206710 .part L_0x62dbc52082e0, 2, 1;
L_0x62dbc5206800 .part v0x62dbc52023d0_0, 2, 1;
L_0x62dbc5206930 .part L_0x62dbc5207f70, 1, 1;
L_0x62dbc5207110 .part L_0x62dbc52082e0, 3, 1;
L_0x62dbc52071b0 .part v0x62dbc52023d0_0, 3, 1;
L_0x62dbc5207330 .part L_0x62dbc5207f70, 2, 1;
L_0x62dbc5207b50 .part L_0x62dbc52082e0, 0, 1;
L_0x62dbc5207ce0 .part v0x62dbc52023d0_0, 0, 1;
L_0x62dbc5207e10 .concat8 [ 1 1 1 1], L_0x62dbc5207560, L_0x62dbc52056b0, L_0x62dbc52060c0, L_0x62dbc5206b10;
L_0x62dbc5207f70 .concat8 [ 1 1 1 1], L_0x62dbc52079f0, L_0x62dbc5205ba0, L_0x62dbc5206560, L_0x62dbc5206f60;
S_0x62dbc51f7ec0 .scope module, "fs_0" "full_subtractor" 3 27, 3 3 0, S_0x62dbc51f7a90;
 .timescale -9 -12;
    .port_info 0 /INPUT 1 "a";
    .port_info 1 /INPUT 1 "b";
    .port_info 2 /INPUT 1 "bi";
    .port_info 3 /OUTPUT 1 "d";
    .port_info 4 /OUTPUT 1 "bl";
L_0x62dbc52074f0 .functor XOR 1, L_0x62dbc5207b50, L_0x62dbc5207ce0, C4<0>, C4<0>;
L_0x62dbc5207560/d .functor XOR 1, L_0x62dbc52074f0, L_0x7ecfe8040060, C4<0>, C4<0>;
L_0x62dbc5207560 .delay 1 (1000,1000,1000) L_0x62dbc5207560/d;
L_0x62dbc5207620 .functor NOT 1, L_0x62dbc5207b50, C4<0>, C4<0>, C4<0>;
L_0x62dbc52076e0 .functor XOR 1, L_0x62dbc5207ce0, L_0x7ecfe8040060, C4<0>, C4<0>;
L_0x62dbc52077a0 .functor AND 1, L_0x62dbc5207620, L_0x62dbc52076e0, C4<1>, C4<1>;
L_0x62dbc52078b0 .functor AND 1, L_0x62dbc5207ce0, L_0x7ecfe8040060, C4<1>, C4<1>;
L_0x62dbc52079f0/d .functor OR 1, L_0x62dbc52077a0, L_0x62dbc52078b0, C4<0>, C4<0>;
L_0x62dbc52079f0 .delay 1 (1000,1000,1000) L_0x62dbc52079f0/d;
v0x62dbc51f8170_0 .net *"_ivl_0", 0 0, L_0x62dbc52074f0;  1 drivers
v0x62dbc51f8270_0 .net *"_ivl_10", 0 0, L_0x62dbc52078b0;  1 drivers
v0x62dbc51f8350_0 .net *"_ivl_4", 0 0, L_0x62dbc5207620;  1 drivers
v0x62dbc51f8440_0 .net *"_ivl_6", 0 0, L_0x62dbc52076e0;  1 drivers
v0x62dbc51f8520_0 .net *"_ivl_8", 0 0, L_0x62dbc52077a0;  1 drivers
v0x62dbc51f8650_0 .net "a", 0 0, L_0x62dbc5207b50;  1 drivers
v0x62dbc51f8710_0 .net "b", 0 0, L_0x62dbc5207ce0;  1 drivers
v0x62dbc51f87d0_0 .net "bi", 0 0, L_0x7ecfe8040060;  alias, 1 drivers
v0x62dbc51f8890_0 .net "bl", 0 0, L_0x62dbc52079f0;  1 drivers
v0x62dbc51f8950_0 .net "d", 0 0, L_0x62dbc5207560;  1 drivers
S_0x62dbc51f8ab0 .scope generate, "genblk1[1]" "genblk1[1]" 3 37, 3 37 0, S_0x62dbc51f7a90;
 .timescale -9 -12;
P_0x62dbc51f8c80 .param/l "i" 1 3 37, +C4<01>;
S_0x62dbc51f8d40 .scope module, "fs" "full_subtractor" 3 38, 3 3 0, S_0x62dbc51f8ab0;
 .timescale -9 -12;
    .port_info 0 /INPUT 1 "a";
    .port_info 1 /INPUT 1 "b";
    .port_info 2 /INPUT 1 "bi";
    .port_info 3 /OUTPUT 1 "d";
    .port_info 4 /OUTPUT 1 "bl";
L_0x62dbc5205640 .functor XOR 1, L_0x62dbc5205d50, L_0x62dbc5205df0, C4<0>, C4<0>;
L_0x62dbc52056b0/d .functor XOR 1, L_0x62dbc5205640, L_0x62dbc5205f20, C4<0>, C4<0>;
L_0x62dbc52056b0 .delay 1 (1000,1000,1000) L_0x62dbc52056b0/d;
L_0x62dbc5205810 .functor NOT 1, L_0x62dbc5205d50, C4<0>, C4<0>, C4<0>;
L_0x62dbc52058d0 .functor XOR 1, L_0x62dbc5205df0, L_0x62dbc5205f20, C4<0>, C4<0>;
L_0x62dbc52059e0 .functor AND 1, L_0x62dbc5205810, L_0x62dbc52058d0, C4<1>, C4<1>;
L_0x62dbc5205af0 .functor AND 1, L_0x62dbc5205df0, L_0x62dbc5205f20, C4<1>, C4<1>;
L_0x62dbc5205ba0/d .functor OR 1, L_0x62dbc52059e0, L_0x62dbc5205af0, C4<0>, C4<0>;
L_0x62dbc5205ba0 .delay 1 (1000,1000,1000) L_0x62dbc5205ba0/d;
v0x62dbc51f8fa0_0 .net *"_ivl_0", 0 0, L_0x62dbc5205640;  1 drivers
v0x62dbc51f90a0_0 .net *"_ivl_10", 0 0, L_0x62dbc5205af0;  1 drivers
v0x62dbc51f9180_0 .net *"_ivl_4", 0 0, L_0x62dbc5205810;  1 drivers
v0x62dbc51f9270_0 .net *"_ivl_6", 0 0, L_0x62dbc52058d0;  1 drivers
v0x62dbc51f9350_0 .net *"_ivl_8", 0 0, L_0x62dbc52059e0;  1 drivers
v0x62dbc51f9480_0 .net "a", 0 0, L_0x62dbc5205d50;  1 drivers
v0x62dbc51f9540_0 .net "b", 0 0, L_0x62dbc5205df0;  1 drivers
v0x62dbc51f9600_0 .net "bi", 0 0, L_0x62dbc5205f20;  1 drivers
v0x62dbc51f96c0_0 .net "bl", 0 0, L_0x62dbc5205ba0;  1 drivers
v0x62dbc51f9810_0 .net "d", 0 0, L_0x62dbc52056b0;  1 drivers
S_0x62dbc51f9970 .scope generate, "genblk1[2]" "genblk1[2]" 3 37, 3 37 0, S_0x62dbc51f7a90;
 .timescale -9 -12;
P_0x62dbc51f9b20 .param/l "i" 1 3 37, +C4<010>;
S_0x62dbc51f9be0 .scope module, "fs" "full_subtractor" 3 38, 3 3 0, S_0x62dbc51f9970;
 .timescale -9 -12;
    .port_info 0 /INPUT 1 "a";
    .port_info 1 /INPUT 1 "b";
    .port_info 2 /INPUT 1 "bi";
    .port_info 3 /OUTPUT 1 "d";
    .port_info 4 /OUTPUT 1 "bl";
L_0x62dbc5206050 .functor XOR 1, L_0x62dbc5206710, L_0x62dbc5206800, C4<0>, C4<0>;
L_0x62dbc52060c0/d .functor XOR 1, L_0x62dbc5206050, L_0x62dbc5206930, C4<0>, C4<0>;
L_0x62dbc52060c0 .delay 1 (1000,1000,1000) L_0x62dbc52060c0/d;
L_0x62dbc52061d0 .functor NOT 1, L_0x62dbc5206710, C4<0>, C4<0>, C4<0>;
L_0x62dbc5206290 .functor XOR 1, L_0x62dbc5206800, L_0x62dbc5206930, C4<0>, C4<0>;
L_0x62dbc52063a0 .functor AND 1, L_0x62dbc52061d0, L_0x62dbc5206290, C4<1>, C4<1>;
L_0x62dbc52064b0 .functor AND 1, L_0x62dbc5206800, L_0x62dbc5206930, C4<1>, C4<1>;
L_0x62dbc5206560/d .functor OR 1, L_0x62dbc52063a0, L_0x62dbc52064b0, C4<0>, C4<0>;
L_0x62dbc5206560 .delay 1 (1000,1000,1000) L_0x62dbc5206560/d;
v0x62dbc51f9e70_0 .net *"_ivl_0", 0 0, L_0x62dbc5206050;  1 drivers
v0x62dbc51f9f70_0 .net *"_ivl_10", 0 0, L_0x62dbc52064b0;  1 drivers
v0x62dbc51fa050_0 .net *"_ivl_4", 0 0, L_0x62dbc52061d0;  1 drivers
v0x62dbc51fa140_0 .net *"_ivl_6", 0 0, L_0x62dbc5206290;  1 drivers
v0x62dbc51fa220_0 .net *"_ivl_8", 0 0, L_0x62dbc52063a0;  1 drivers
v0x62dbc51fa350_0 .net "a", 0 0, L_0x62dbc5206710;  1 drivers
v0x62dbc51fa410_0 .net "b", 0 0, L_0x62dbc5206800;  1 drivers
v0x62dbc51fa4d0_0 .net "bi", 0 0, L_0x62dbc5206930;  1 drivers
v0x62dbc51fa590_0 .net "bl", 0 0, L_0x62dbc5206560;  1 drivers
v0x62dbc51fa6e0_0 .net "d", 0 0, L_0x62dbc52060c0;  1 drivers
S_0x62dbc51fa840 .scope generate, "genblk1[3]" "genblk1[3]" 3 37, 3 37 0, S_0x62dbc51f7a90;
 .timescale -9 -12;
P_0x62dbc51fa9f0 .param/l "i" 1 3 37, +C4<011>;
S_0x62dbc51faad0 .scope module, "fs" "full_subtractor" 3 38, 3 3 0, S_0x62dbc51fa840;
 .timescale -9 -12;
    .port_info 0 /INPUT 1 "a";
    .port_info 1 /INPUT 1 "b";
    .port_info 2 /INPUT 1 "bi";
    .port_info 3 /OUTPUT 1 "d";
    .port_info 4 /OUTPUT 1 "bl";
L_0x62dbc5206aa0 .functor XOR 1, L_0x62dbc5207110, L_0x62dbc52071b0, C4<0>, C4<0>;
L_0x62dbc5206b10/d .functor XOR 1, L_0x62dbc5206aa0, L_0x62dbc5207330, C4<0>, C4<0>;
L_0x62dbc5206b10 .delay 1 (1000,1000,1000) L_0x62dbc5206b10/d;
L_0x62dbc5206bd0 .functor NOT 1, L_0x62dbc5207110, C4<0>, C4<0>, C4<0>;
L_0x62dbc5206c90 .functor XOR 1, L_0x62dbc52071b0, L_0x62dbc5207330, C4<0>, C4<0>;
L_0x62dbc5206da0 .functor AND 1, L_0x62dbc5206bd0, L_0x62dbc5206c90, C4<1>, C4<1>;
L_0x62dbc5206eb0 .functor AND 1, L_0x62dbc52071b0, L_0x62dbc5207330, C4<1>, C4<1>;
L_0x62dbc5206f60/d .functor OR 1, L_0x62dbc5206da0, L_0x62dbc5206eb0, C4<0>, C4<0>;
L_0x62dbc5206f60 .delay 1 (1000,1000,1000) L_0x62dbc5206f60/d;
v0x62dbc51fad30_0 .net *"_ivl_0", 0 0, L_0x62dbc5206aa0;  1 drivers
v0x62dbc51fae30_0 .net *"_ivl_10", 0 0, L_0x62dbc5206eb0;  1 drivers
v0x62dbc51faf10_0 .net *"_ivl_4", 0 0, L_0x62dbc5206bd0;  1 drivers
v0x62dbc51fb000_0 .net *"_ivl_6", 0 0, L_0x62dbc5206c90;  1 drivers
v0x62dbc51fb0e0_0 .net *"_ivl_8", 0 0, L_0x62dbc5206da0;  1 drivers
v0x62dbc51fb210_0 .net "a", 0 0, L_0x62dbc5207110;  1 drivers
v0x62dbc51fb2d0_0 .net "b", 0 0, L_0x62dbc52071b0;  1 drivers
v0x62dbc51fb390_0 .net "bi", 0 0, L_0x62dbc5207330;  1 drivers
v0x62dbc51fb450_0 .net "bl", 0 0, L_0x62dbc5206f60;  1 drivers
v0x62dbc51fb5a0_0 .net "d", 0 0, L_0x62dbc5206b10;  1 drivers
S_0x62dbc51fbe90 .scope generate, "gen_csubs[3]" "gen_csubs[3]" 3 85, 3 85 0, S_0x62dbc51a5cb0;
 .timescale -9 -12;
P_0x62dbc51fc090 .param/l "i" 1 3 85, +C4<011>;
v0x62dbc5200340_0 .net *"_ivl_2", 2 0, L_0x62dbc520b170;  1 drivers
v0x62dbc5200440_0 .net *"_ivl_3", 0 0, L_0x62dbc520b260;  1 drivers
L_0x62dbc520b170 .part v0x62dbc51fba00_0, 0, 3;
L_0x62dbc520b390 .concat [ 1 3 0 0], L_0x62dbc520b260, L_0x62dbc520b170;
S_0x62dbc51fc170 .scope module, "csub" "conditional_subtractor" 3 88, 3 15 0, S_0x62dbc51fbe90;
 .timescale -9 -12;
    .port_info 0 /INPUT 4 "a";
    .port_info 1 /INPUT 4 "b";
    .port_info 2 /INPUT 1 "initial_borrow";
    .port_info 3 /OUTPUT 4 "result";
    .port_info 4 /OUTPUT 4 "intermediate_borrows";
P_0x62dbc51fc350 .param/l "n_bits" 0 3 16, +C4<00000000000000000000000000000100>;
v0x62dbc51ffdb0_0 .net "a", 3 0, L_0x62dbc520b390;  1 drivers
v0x62dbc51ffeb0_0 .net "b", 3 0, v0x62dbc52023d0_0;  alias, 1 drivers
L_0x7ecfe80400a8 .functor BUFT 1, C4<0>, C4<0>, C4<0>, C4<0>;
v0x62dbc51fff70_0 .net "initial_borrow", 0 0, L_0x7ecfe80400a8;  1 drivers
v0x62dbc5200040_0 .net "intermediate_borrows", 3 0, L_0x62dbc520af90;  alias, 1 drivers
v0x62dbc52000e0_0 .var "result", 3 0;
v0x62dbc52001c0_0 .net "subtraction_result", 3 0, L_0x62dbc520ae30;  1 drivers
E_0x62dbc517a250 .event anyedge, v0x62dbc5200040_0, v0x62dbc51ffdb0_0, v0x62dbc52001c0_0;
L_0x62dbc5208b30 .part L_0x62dbc520b390, 1, 1;
L_0x62dbc5208bd0 .part v0x62dbc52023d0_0, 1, 1;
L_0x62dbc5208d00 .part L_0x62dbc520af90, 0, 1;
L_0x62dbc52094f0 .part L_0x62dbc520b390, 2, 1;
L_0x62dbc52095e0 .part v0x62dbc52023d0_0, 2, 1;
L_0x62dbc5209710 .part L_0x62dbc520af90, 1, 1;
L_0x62dbc5209ef0 .part L_0x62dbc520b390, 3, 1;
L_0x62dbc5209f90 .part v0x62dbc52023d0_0, 3, 1;
L_0x62dbc520a320 .part L_0x62dbc520af90, 2, 1;
L_0x62dbc520ab70 .part L_0x62dbc520b390, 0, 1;
L_0x62dbc520ad00 .part v0x62dbc52023d0_0, 0, 1;
L_0x62dbc520ae30 .concat8 [ 1 1 1 1], L_0x62dbc520a550, L_0x62dbc5208490, L_0x62dbc5208ea0, L_0x62dbc52098f0;
L_0x62dbc520af90 .concat8 [ 1 1 1 1], L_0x62dbc520aa10, L_0x62dbc5208980, L_0x62dbc5209340, L_0x62dbc5209d40;
S_0x62dbc51fc570 .scope module, "fs_0" "full_subtractor" 3 27, 3 3 0, S_0x62dbc51fc170;
 .timescale -9 -12;
    .port_info 0 /INPUT 1 "a";
    .port_info 1 /INPUT 1 "b";
    .port_info 2 /INPUT 1 "bi";
    .port_info 3 /OUTPUT 1 "d";
    .port_info 4 /OUTPUT 1 "bl";
L_0x62dbc520a4e0 .functor XOR 1, L_0x62dbc520ab70, L_0x62dbc520ad00, C4<0>, C4<0>;
L_0x62dbc520a550/d .functor XOR 1, L_0x62dbc520a4e0, L_0x7ecfe80400a8, C4<0>, C4<0>;
L_0x62dbc520a550 .delay 1 (1000,1000,1000) L_0x62dbc520a550/d;
L_0x62dbc520a610 .functor NOT 1, L_0x62dbc520ab70, C4<0>, C4<0>, C4<0>;
L_0x62dbc520a6d0 .functor XOR 1, L_0x62dbc520ad00, L_0x7ecfe80400a8, C4<0>, C4<0>;
L_0x62dbc520a7c0 .functor AND 1, L_0x62dbc520a610, L_0x62dbc520a6d0, C4<1>, C4<1>;
L_0x62dbc520a8d0 .functor AND 1, L_0x62dbc520ad00, L_0x7ecfe80400a8, C4<1>, C4<1>;
L_0x62dbc520aa10/d .functor OR 1, L_0x62dbc520a7c0, L_0x62dbc520a8d0, C4<0>, C4<0>;
L_0x62dbc520aa10 .delay 1 (1000,1000,1000) L_0x62dbc520aa10/d;
v0x62dbc51fc820_0 .net *"_ivl_0", 0 0, L_0x62dbc520a4e0;  1 drivers
v0x62dbc51fc920_0 .net *"_ivl_10", 0 0, L_0x62dbc520a8d0;  1 drivers
v0x62dbc51fca00_0 .net *"_ivl_4", 0 0, L_0x62dbc520a610;  1 drivers
v0x62dbc51fcaf0_0 .net *"_ivl_6", 0 0, L_0x62dbc520a6d0;  1 drivers
v0x62dbc51fcbd0_0 .net *"_ivl_8", 0 0, L_0x62dbc520a7c0;  1 drivers
v0x62dbc51fcd00_0 .net "a", 0 0, L_0x62dbc520ab70;  1 drivers
v0x62dbc51fcdc0_0 .net "b", 0 0, L_0x62dbc520ad00;  1 drivers
v0x62dbc51fce80_0 .net "bi", 0 0, L_0x7ecfe80400a8;  alias, 1 drivers
v0x62dbc51fcf40_0 .net "bl", 0 0, L_0x62dbc520aa10;  1 drivers
v0x62dbc51fd000_0 .net "d", 0 0, L_0x62dbc520a550;  1 drivers
S_0x62dbc51fd160 .scope generate, "genblk1[1]" "genblk1[1]" 3 37, 3 37 0, S_0x62dbc51fc170;
 .timescale -9 -12;
P_0x62dbc51fd330 .param/l "i" 1 3 37, +C4<01>;
S_0x62dbc51fd3f0 .scope module, "fs" "full_subtractor" 3 38, 3 3 0, S_0x62dbc51fd160;
 .timescale -9 -12;
    .port_info 0 /INPUT 1 "a";
    .port_info 1 /INPUT 1 "b";
    .port_info 2 /INPUT 1 "bi";
    .port_info 3 /OUTPUT 1 "d";
    .port_info 4 /OUTPUT 1 "bl";
L_0x62dbc5208420 .functor XOR 1, L_0x62dbc5208b30, L_0x62dbc5208bd0, C4<0>, C4<0>;
L_0x62dbc5208490/d .functor XOR 1, L_0x62dbc5208420, L_0x62dbc5208d00, C4<0>, C4<0>;
L_0x62dbc5208490 .delay 1 (1000,1000,1000) L_0x62dbc5208490/d;
L_0x62dbc52085f0 .functor NOT 1, L_0x62dbc5208b30, C4<0>, C4<0>, C4<0>;
L_0x62dbc52086b0 .functor XOR 1, L_0x62dbc5208bd0, L_0x62dbc5208d00, C4<0>, C4<0>;
L_0x62dbc52087c0 .functor AND 1, L_0x62dbc52085f0, L_0x62dbc52086b0, C4<1>, C4<1>;
L_0x62dbc52088d0 .functor AND 1, L_0x62dbc5208bd0, L_0x62dbc5208d00, C4<1>, C4<1>;
L_0x62dbc5208980/d .functor OR 1, L_0x62dbc52087c0, L_0x62dbc52088d0, C4<0>, C4<0>;
L_0x62dbc5208980 .delay 1 (1000,1000,1000) L_0x62dbc5208980/d;
v0x62dbc51fd650_0 .net *"_ivl_0", 0 0, L_0x62dbc5208420;  1 drivers
v0x62dbc51fd750_0 .net *"_ivl_10", 0 0, L_0x62dbc52088d0;  1 drivers
v0x62dbc51fd830_0 .net *"_ivl_4", 0 0, L_0x62dbc52085f0;  1 drivers
v0x62dbc51fd920_0 .net *"_ivl_6", 0 0, L_0x62dbc52086b0;  1 drivers
v0x62dbc51fda00_0 .net *"_ivl_8", 0 0, L_0x62dbc52087c0;  1 drivers
v0x62dbc51fdb30_0 .net "a", 0 0, L_0x62dbc5208b30;  1 drivers
v0x62dbc51fdbf0_0 .net "b", 0 0, L_0x62dbc5208bd0;  1 drivers
v0x62dbc51fdcb0_0 .net "bi", 0 0, L_0x62dbc5208d00;  1 drivers
v0x62dbc51fdd70_0 .net "bl", 0 0, L_0x62dbc5208980;  1 drivers
v0x62dbc51fdec0_0 .net "d", 0 0, L_0x62dbc5208490;  1 drivers
S_0x62dbc51fe020 .scope generate, "genblk1[2]" "genblk1[2]" 3 37, 3 37 0, S_0x62dbc51fc170;
 .timescale -9 -12;
P_0x62dbc51fe1d0 .param/l "i" 1 3 37, +C4<010>;
S_0x62dbc51fe290 .scope module, "fs" "full_subtractor" 3 38, 3 3 0, S_0x62dbc51fe020;
 .timescale -9 -12;
    .port_info 0 /INPUT 1 "a";
    .port_info 1 /INPUT 1 "b";
    .port_info 2 /INPUT 1 "bi";
    .port_info 3 /OUTPUT 1 "d";
    .port_info 4 /OUTPUT 1 "bl";
L_0x62dbc5208e30 .functor XOR 1, L_0x62dbc52094f0, L_0x62dbc52095e0, C4<0>, C4<0>;
L_0x62dbc5208ea0/d .functor XOR 1, L_0x62dbc5208e30, L_0x62dbc5209710, C4<0>, C4<0>;
L_0x62dbc5208ea0 .delay 1 (1000,1000,1000) L_0x62dbc5208ea0/d;
L_0x62dbc5208fb0 .functor NOT 1, L_0x62dbc52094f0, C4<0>, C4<0>, C4<0>;
L_0x62dbc5209070 .functor XOR 1, L_0x62dbc52095e0, L_0x62dbc5209710, C4<0>, C4<0>;
L_0x62dbc5209180 .functor AND 1, L_0x62dbc5208fb0, L_0x62dbc5209070, C4<1>, C4<1>;
L_0x62dbc5209290 .functor AND 1, L_0x62dbc52095e0, L_0x62dbc5209710, C4<1>, C4<1>;
L_0x62dbc5209340/d .functor OR 1, L_0x62dbc5209180, L_0x62dbc5209290, C4<0>, C4<0>;
L_0x62dbc5209340 .delay 1 (1000,1000,1000) L_0x62dbc5209340/d;
v0x62dbc51fe520_0 .net *"_ivl_0", 0 0, L_0x62dbc5208e30;  1 drivers
v0x62dbc51fe620_0 .net *"_ivl_10", 0 0, L_0x62dbc5209290;  1 drivers
v0x62dbc51fe700_0 .net *"_ivl_4", 0 0, L_0x62dbc5208fb0;  1 drivers
v0x62dbc51fe7f0_0 .net *"_ivl_6", 0 0, L_0x62dbc5209070;  1 drivers
v0x62dbc51fe8d0_0 .net *"_ivl_8", 0 0, L_0x62dbc5209180;  1 drivers
v0x62dbc51fea00_0 .net "a", 0 0, L_0x62dbc52094f0;  1 drivers
v0x62dbc51feac0_0 .net "b", 0 0, L_0x62dbc52095e0;  1 drivers
v0x62dbc51feb80_0 .net "bi", 0 0, L_0x62dbc5209710;  1 drivers
v0x62dbc51fec40_0 .net "bl", 0 0, L_0x62dbc5209340;  1 drivers
v0x62dbc51fed90_0 .net "d", 0 0, L_0x62dbc5208ea0;  1 drivers
S_0x62dbc51feef0 .scope generate, "genblk1[3]" "genblk1[3]" 3 37, 3 37 0, S_0x62dbc51fc170;
 .timescale -9 -12;
P_0x62dbc51ff0a0 .param/l "i" 1 3 37, +C4<011>;
S_0x62dbc51ff180 .scope module, "fs" "full_subtractor" 3 38, 3 3 0, S_0x62dbc51feef0;
 .timescale -9 -12;
    .port_info 0 /INPUT 1 "a";
    .port_info 1 /INPUT 1 "b";
    .port_info 2 /INPUT 1 "bi";
    .port_info 3 /OUTPUT 1 "d";
    .port_info 4 /OUTPUT 1 "bl";
L_0x62dbc5209880 .functor XOR 1, L_0x62dbc5209ef0, L_0x62dbc5209f90, C4<0>, C4<0>;
L_0x62dbc52098f0/d .functor XOR 1, L_0x62dbc5209880, L_0x62dbc520a320, C4<0>, C4<0>;
L_0x62dbc52098f0 .delay 1 (1000,1000,1000) L_0x62dbc52098f0/d;
L_0x62dbc52099b0 .functor NOT 1, L_0x62dbc5209ef0, C4<0>, C4<0>, C4<0>;
L_0x62dbc5209a70 .functor XOR 1, L_0x62dbc5209f90, L_0x62dbc520a320, C4<0>, C4<0>;
L_0x62dbc5209b80 .functor AND 1, L_0x62dbc52099b0, L_0x62dbc5209a70, C4<1>, C4<1>;
L_0x62dbc5209c90 .functor AND 1, L_0x62dbc5209f90, L_0x62dbc520a320, C4<1>, C4<1>;
L_0x62dbc5209d40/d .functor OR 1, L_0x62dbc5209b80, L_0x62dbc5209c90, C4<0>, C4<0>;
L_0x62dbc5209d40 .delay 1 (1000,1000,1000) L_0x62dbc5209d40/d;
v0x62dbc51ff3e0_0 .net *"_ivl_0", 0 0, L_0x62dbc5209880;  1 drivers
v0x62dbc51ff4e0_0 .net *"_ivl_10", 0 0, L_0x62dbc5209c90;  1 drivers
v0x62dbc51ff5c0_0 .net *"_ivl_4", 0 0, L_0x62dbc52099b0;  1 drivers
v0x62dbc51ff6b0_0 .net *"_ivl_6", 0 0, L_0x62dbc5209a70;  1 drivers
v0x62dbc51ff790_0 .net *"_ivl_8", 0 0, L_0x62dbc5209b80;  1 drivers
v0x62dbc51ff8c0_0 .net "a", 0 0, L_0x62dbc5209ef0;  1 drivers
v0x62dbc51ff980_0 .net "b", 0 0, L_0x62dbc5209f90;  1 drivers
v0x62dbc51ffa40_0 .net "bi", 0 0, L_0x62dbc520a320;  1 drivers
v0x62dbc51ffb00_0 .net "bl", 0 0, L_0x62dbc5209d40;  1 drivers
v0x62dbc51ffc50_0 .net "d", 0 0, L_0x62dbc52098f0;  1 drivers
S_0x62dbc5200520 .scope generate, "gen_quotient[0]" "gen_quotient[0]" 3 97, 3 97 0, S_0x62dbc51a5cb0;
 .timescale -9 -12;
P_0x62dbc5200770 .param/l "i" 1 3 97, +C4<00>;
L_0x62dbc520b520 .functor NOT 1, L_0x62dbc520b480, C4<0>, C4<0>, C4<0>;
v0x62dbc5200850_0 .net *"_ivl_2", 0 0, L_0x62dbc520b480;  1 drivers
v0x62dbc5200930_0 .net *"_ivl_3", 0 0, L_0x62dbc520b520;  1 drivers
L_0x62dbc520b480 .part L_0x62dbc520af90, 3, 1;
S_0x62dbc5200a10 .scope generate, "gen_quotient[1]" "gen_quotient[1]" 3 97, 3 97 0, S_0x62dbc51a5cb0;
 .timescale -9 -12;
P_0x62dbc5200c10 .param/l "i" 1 3 97, +C4<01>;
L_0x62dbc520b680 .functor NOT 1, L_0x62dbc520b5e0, C4<0>, C4<0>, C4<0>;
v0x62dbc5200cf0_0 .net *"_ivl_2", 0 0, L_0x62dbc520b5e0;  1 drivers
v0x62dbc5200dd0_0 .net *"_ivl_3", 0 0, L_0x62dbc520b680;  1 drivers
L_0x62dbc520b5e0 .part L_0x62dbc5207f70, 3, 1;
S_0x62dbc5200eb0 .scope generate, "gen_quotient[2]" "gen_quotient[2]" 3 97, 3 97 0, S_0x62dbc51a5cb0;
 .timescale -9 -12;
P_0x62dbc52010b0 .param/l "i" 1 3 97, +C4<010>;
L_0x62dbc520b7e0 .functor NOT 1, L_0x62dbc520b740, C4<0>, C4<0>, C4<0>;
v0x62dbc5201190_0 .net *"_ivl_2", 0 0, L_0x62dbc520b740;  1 drivers
v0x62dbc5201270_0 .net *"_ivl_3", 0 0, L_0x62dbc520b7e0;  1 drivers
L_0x62dbc520b740 .part L_0x62dbc5205140, 3, 1;
S_0x62dbc5201350 .scope generate, "gen_quotient[3]" "gen_quotient[3]" 3 97, 3 97 0, S_0x62dbc51a5cb0;
 .timescale -9 -12;
P_0x62dbc5201550 .param/l "i" 1 3 97, +C4<011>;
L_0x62dbc520bb70 .functor NOT 1, L_0x62dbc520ba80, C4<0>, C4<0>, C4<0>;
v0x62dbc5201630_0 .net *"_ivl_2", 0 0, L_0x62dbc520ba80;  1 drivers
v0x62dbc5201710_0 .net *"_ivl_3", 0 0, L_0x62dbc520bb70;  1 drivers
L_0x62dbc520ba80 .part L_0x62dbc520e7b0, 3, 1;
    .scope S_0x62dbc51f3490;
T_0 ;
    %wait E_0x62dbc51920d0;
    %load/vec4 v0x62dbc51f7310_0;
    %parti/s 1, 3, 3;
    %flag_set/vec4 8;
    %jmp/0xz  T_0.0, 8;
    %load/vec4 v0x62dbc51f7050_0;
    %store/vec4 v0x62dbc51f73b0_0, 0, 4;
    %jmp T_0.1;
T_0.0 ;
    %load/vec4 v0x62dbc51f7470_0;
    %store/vec4 v0x62dbc51f73b0_0, 0, 4;
T_0.1 ;
    %jmp T_0;
    .thread T_0, $push;
    .scope S_0x62dbc51f7a90;
T_1 ;
    %wait E_0x62dbc5192b30;
    %load/vec4 v0x62dbc51fb960_0;
    %parti/s 1, 3, 3;
    %flag_set/vec4 8;
    %jmp/0xz  T_1.0, 8;
    %load/vec4 v0x62dbc51fb700_0;
    %store/vec4 v0x62dbc51fba00_0, 0, 4;
    %jmp T_1.1;
T_1.0 ;
    %load/vec4 v0x62dbc51fbb30_0;
    %store/vec4 v0x62dbc51fba00_0, 0, 4;
T_1.1 ;
    %jmp T_1;
    .thread T_1, $push;
    .scope S_0x62dbc51fc170;
T_2 ;
    %wait E_0x62dbc517a250;
    %load/vec4 v0x62dbc5200040_0;
    %parti/s 1, 3, 3;
    %flag_set/vec4 8;
    %jmp/0xz  T_2.0, 8;
    %load/vec4 v0x62dbc51ffdb0_0;
    %store/vec4 v0x62dbc52000e0_0, 0, 4;
    %jmp T_2.1;
T_2.0 ;
    %load/vec4 v0x62dbc52001c0_0;
    %store/vec4 v0x62dbc52000e0_0, 0, 4;
T_2.1 ;
    %jmp T_2;
    .thread T_2, $push;
    .scope S_0x62dbc51b3440;
T_3 ;
    %wait E_0x62dbc51916f0;
    %load/vec4 v0x62dbc51f2eb0_0;
    %parti/s 1, 3, 3;
    %flag_set/vec4 8;
    %jmp/0xz  T_3.0, 8;
    %load/vec4 v0x62dbc51f2c00_0;
    %store/vec4 v0x62dbc51f2f50_0, 0, 4;
    %jmp T_3.1;
T_3.0 ;
    %load/vec4 v0x62dbc51f3030_0;
    %store/vec4 v0x62dbc51f2f50_0, 0, 4;
T_3.1 ;
    %jmp T_3;
    .thread T_3, $push;
    .scope S_0x62dbc51cfca0;
T_4 ;
    %vpi_call 2 19 "$dumpfile", "dump.vcd" {0 0 0};
    %vpi_call 2 20 "$dumpvars", 32'sb00000000000000000000000000000000, S_0x62dbc51cfca0 {0 0 0};
    %pushi/vec4 11, 0, 4;
    %store/vec4 v0x62dbc52022f0_0, 0, 4;
    %pushi/vec4 3, 0, 4;
    %store/vec4 v0x62dbc52023d0_0, 0, 4;
    %delay 30000, 0;
    %vpi_call 2 27 "$display", "Quotient: %d, Remainder: %d\012", v0x62dbc5202470_0, v0x62dbc5202570_0 {0 0 0};
    %vpi_call 2 28 "$display", "ZF: %b\012", v0x62dbc5202640_0 {0 0 0};
    %end;
    .thread T_4;
# The file index is used to find the file name in the following table.
:file_names 4;
    "N/A";
    "<interactive>";
    "divider_tb.v";
    "divider.v";
