#! /usr/bin/vvp
:ivl_version "12.0 (stable)";
:ivl_delay_selection "TYPICAL";
:vpi_time_precision - 12;
:vpi_module "/usr/lib/x86_64-linux-gnu/ivl/system.vpi";
:vpi_module "/usr/lib/x86_64-linux-gnu/ivl/vhdl_sys.vpi";
:vpi_module "/usr/lib/x86_64-linux-gnu/ivl/vhdl_textio.vpi";
:vpi_module "/usr/lib/x86_64-linux-gnu/ivl/v2005_math.vpi";
:vpi_module "/usr/lib/x86_64-linux-gnu/ivl/va_math.vpi";
S_0x5efb60adda90 .scope module, "pulse_generator_tb" "pulse_generator_tb" 2 3;
 .timescale -9 -12;
P_0x5efb60addc20 .param/l "CLK_PERIOD" 0 2 8, +C4<00000000000000000000000000001010>;
v0x5efb60aeff50_0 .var "clk", 0 0;
v0x5efb60af0020_0 .var "in", 0 0;
v0x5efb60af00f0_0 .net "q", 0 0, v0x5efb60aefe10_0;  1 drivers
S_0x5efb60addcc0 .scope module, "uut" "pulse_generator" 2 10, 3 1 0, S_0x5efb60adda90;
 .timescale 0 0;
    .port_info 0 /INPUT 1 "clk";
    .port_info 1 /INPUT 1 "in";
    .port_info 2 /OUTPUT 1 "q";
v0x5efb60aa4500_0 .var "block_switch", 0 0;
v0x5efb60aefc80_0 .net "clk", 0 0, v0x5efb60aeff50_0;  1 drivers
v0x5efb60aefd40_0 .net "in", 0 0, v0x5efb60af0020_0;  1 drivers
v0x5efb60aefe10_0 .var "q", 0 0;
E_0x5efb60aa5020 .event posedge, v0x5efb60aefc80_0;
    .scope S_0x5efb60addcc0;
T_0 ;
    %wait E_0x5efb60aa5020;
    %load/vec4 v0x5efb60aefd40_0;
    %assign/vec4 v0x5efb60aa4500_0, 0;
    %load/vec4 v0x5efb60aefd40_0;
    %load/vec4 v0x5efb60aa4500_0;
    %inv;
    %and;
    %assign/vec4 v0x5efb60aefe10_0, 0;
    %jmp T_0;
    .thread T_0;
    .scope S_0x5efb60adda90;
T_1 ;
    %pushi/vec4 0, 0, 1;
    %store/vec4 v0x5efb60aeff50_0, 0, 1;
T_1.0 ;
    %delay 5000, 0;
    %load/vec4 v0x5efb60aeff50_0;
    %inv;
    %store/vec4 v0x5efb60aeff50_0, 0, 1;
    %jmp T_1.0;
    %end;
    .thread T_1;
    .scope S_0x5efb60adda90;
T_2 ;
    %vpi_call 2 22 "$dumpfile", "dump.vcd" {0 0 0};
    %vpi_call 2 23 "$dumpvars", 32'sb00000000000000000000000000000000, S_0x5efb60adda90 {0 0 0};
    %pushi/vec4 0, 0, 1;
    %store/vec4 v0x5efb60aa4500_0, 0, 1;
    %delay 2000, 0;
    %pushi/vec4 1, 0, 1;
    %store/vec4 v0x5efb60af0020_0, 0, 1;
    %delay 20000, 0;
    %pushi/vec4 0, 0, 1;
    %store/vec4 v0x5efb60af0020_0, 0, 1;
    %delay 20000, 0;
    %pushi/vec4 1, 0, 1;
    %store/vec4 v0x5efb60af0020_0, 0, 1;
    %delay 30000, 0;
    %pushi/vec4 0, 0, 1;
    %store/vec4 v0x5efb60af0020_0, 0, 1;
    %delay 10000, 0;
    %vpi_call 2 45 "$finish" {0 0 0};
    %end;
    .thread T_2;
# The file index is used to find the file name in the following table.
:file_names 4;
    "N/A";
    "<interactive>";
    "pulse_generator_tb.v";
    "pulse_generator.v";
