#! /usr/bin/vvp
:ivl_version "12.0 (stable)";
:ivl_delay_selection "TYPICAL";
:vpi_time_precision - 12;
:vpi_module "/usr/lib/x86_64-linux-gnu/ivl/system.vpi";
:vpi_module "/usr/lib/x86_64-linux-gnu/ivl/vhdl_sys.vpi";
:vpi_module "/usr/lib/x86_64-linux-gnu/ivl/vhdl_textio.vpi";
:vpi_module "/usr/lib/x86_64-linux-gnu/ivl/v2005_math.vpi";
:vpi_module "/usr/lib/x86_64-linux-gnu/ivl/va_math.vpi";
S_0x615b3ac8db10 .scope module, "binary_counter_tb" "binary_counter_tb" 2 3;
 .timescale -9 -12;
P_0x615b3ac8dca0 .param/l "CLK_PERIOD" 0 2 14, +C4<00000000000000000000000000000100>;
v0x615b3aca4340_0 .var "clk", 0 0;
v0x615b3aca4400_0 .var "reset", 0 0;
v0x615b3aca44c0_0 .net "state", 2 0, v0x615b3aca3ec0_0;  1 drivers
v0x615b3aca4560_0 .var "up", 0 0;
S_0x615b3ac8dd40 .scope module, "dut" "binary_counter" 2 7, 3 63 0, S_0x615b3ac8db10;
 .timescale 0 0;
    .port_info 0 /INPUT 1 "clk";
    .port_info 1 /INPUT 1 "up";
    .port_info 2 /INPUT 1 "reset";
    .port_info 3 /OUTPUT 3 "state";
v0x615b3aca3ca0_0 .net "clk", 0 0, v0x615b3aca4340_0;  1 drivers
v0x615b3aca3db0_0 .net "reset", 0 0, v0x615b3aca4400_0;  1 drivers
v0x615b3aca3ec0_0 .var "state", 2 0;
v0x615b3aca3f60_0 .net "state_a", 1 0, v0x615b3aca3270_0;  1 drivers
v0x615b3aca4070_0 .net "state_b", 1 0, v0x615b3aca3990_0;  1 drivers
v0x615b3aca41d0_0 .net "up", 0 0, v0x615b3aca4560_0;  1 drivers
E_0x615b3ac8bee0 .event anyedge, v0x615b3aca3270_0, v0x615b3aca3360_0;
S_0x615b3ac4c490 .scope module, "lower_fsm" "fsm_a" 3 71, 3 1 0, S_0x615b3ac8dd40;
 .timescale 0 0;
    .port_info 0 /INPUT 1 "clk";
    .port_info 1 /INPUT 1 "up";
    .port_info 2 /INPUT 1 "reset";
    .port_info 3 /INPUT 2 "state_b";
    .port_info 4 /OUTPUT 2 "state";
v0x615b3ac75d80_0 .net "clk", 0 0, v0x615b3aca4340_0;  alias, 1 drivers
v0x615b3aca31b0_0 .net "reset", 0 0, v0x615b3aca4400_0;  alias, 1 drivers
v0x615b3aca3270_0 .var "state", 1 0;
v0x615b3aca3360_0 .net "state_b", 1 0, v0x615b3aca3990_0;  alias, 1 drivers
v0x615b3aca3440_0 .net "up", 0 0, v0x615b3aca4560_0;  alias, 1 drivers
E_0x615b3ac8c240 .event posedge, v0x615b3ac75d80_0;
S_0x615b3aca35f0 .scope module, "upper_fsm" "fsm_b" 3 79, 3 32 0, S_0x615b3ac8dd40;
 .timescale 0 0;
    .port_info 0 /INPUT 1 "clk";
    .port_info 1 /INPUT 1 "up";
    .port_info 2 /INPUT 1 "reset";
    .port_info 3 /INPUT 2 "state_a";
    .port_info 4 /OUTPUT 2 "state";
v0x615b3aca37f0_0 .net "clk", 0 0, v0x615b3aca4340_0;  alias, 1 drivers
v0x615b3aca38c0_0 .net "reset", 0 0, v0x615b3aca4400_0;  alias, 1 drivers
v0x615b3aca3990_0 .var "state", 1 0;
v0x615b3aca3a90_0 .net "state_a", 1 0, v0x615b3aca3270_0;  alias, 1 drivers
v0x615b3aca3b60_0 .net "up", 0 0, v0x615b3aca4560_0;  alias, 1 drivers
    .scope S_0x615b3ac4c490;
T_0 ;
    %wait E_0x615b3ac8c240;
    %load/vec4 v0x615b3aca31b0_0;
    %flag_set/vec4 8;
    %jmp/0xz  T_0.0, 8;
    %pushi/vec4 0, 0, 2;
    %assign/vec4 v0x615b3aca3270_0, 0;
    %jmp T_0.1;
T_0.0 ;
    %load/vec4 v0x615b3aca3270_0;
    %dup/vec4;
    %pushi/vec4 3, 0, 2;
    %cmp/u;
    %jmp/1 T_0.2, 6;
    %load/vec4 v0x615b3aca3440_0;
    %flag_set/vec4 8;
    %jmp/0xz  T_0.5, 8;
    %load/vec4 v0x615b3aca3270_0;
    %addi 1, 0, 2;
    %assign/vec4 v0x615b3aca3270_0, 0;
    %jmp T_0.6;
T_0.5 ;
    %load/vec4 v0x615b3aca3270_0;
    %subi 1, 0, 2;
    %assign/vec4 v0x615b3aca3270_0, 0;
T_0.6 ;
    %jmp T_0.4;
T_0.2 ;
    %load/vec4 v0x615b3aca3440_0;
    %flag_set/vec4 9;
    %flag_get/vec4 9;
    %jmp/0 T_0.9, 9;
    %load/vec4 v0x615b3aca3360_0;
    %pushi/vec4 2, 0, 2;
    %cmp/e;
    %flag_get/vec4 4;
    %and;
T_0.9;
    %flag_set/vec4 8;
    %jmp/0xz  T_0.7, 8;
    %pushi/vec4 0, 0, 2;
    %assign/vec4 v0x615b3aca3270_0, 0;
    %jmp T_0.8;
T_0.7 ;
    %load/vec4 v0x615b3aca3440_0;
    %nor/r;
    %flag_set/vec4 9;
    %flag_get/vec4 9;
    %jmp/0 T_0.12, 9;
    %load/vec4 v0x615b3aca3360_0;
    %pushi/vec4 0, 0, 2;
    %cmp/e;
    %flag_get/vec4 4;
    %and;
T_0.12;
    %flag_set/vec4 8;
    %jmp/0xz  T_0.10, 8;
    %pushi/vec4 2, 0, 2;
    %assign/vec4 v0x615b3aca3270_0, 0;
T_0.10 ;
T_0.8 ;
    %jmp T_0.4;
T_0.4 ;
    %pop/vec4 1;
T_0.1 ;
    %jmp T_0;
    .thread T_0;
    .scope S_0x615b3aca35f0;
T_1 ;
    %wait E_0x615b3ac8c240;
    %load/vec4 v0x615b3aca38c0_0;
    %flag_set/vec4 8;
    %jmp/0xz  T_1.0, 8;
    %pushi/vec4 3, 0, 2;
    %assign/vec4 v0x615b3aca3990_0, 0;
    %jmp T_1.1;
T_1.0 ;
    %load/vec4 v0x615b3aca3990_0;
    %dup/vec4;
    %pushi/vec4 3, 0, 2;
    %cmp/u;
    %jmp/1 T_1.2, 6;
    %load/vec4 v0x615b3aca3b60_0;
    %flag_set/vec4 8;
    %jmp/0xz  T_1.5, 8;
    %load/vec4 v0x615b3aca3990_0;
    %addi 1, 0, 2;
    %assign/vec4 v0x615b3aca3990_0, 0;
    %jmp T_1.6;
T_1.5 ;
    %load/vec4 v0x615b3aca3990_0;
    %subi 1, 0, 2;
    %assign/vec4 v0x615b3aca3990_0, 0;
T_1.6 ;
    %jmp T_1.4;
T_1.2 ;
    %load/vec4 v0x615b3aca3b60_0;
    %flag_set/vec4 9;
    %flag_get/vec4 9;
    %jmp/0 T_1.9, 9;
    %load/vec4 v0x615b3aca3a90_0;
    %pushi/vec4 2, 0, 2;
    %cmp/e;
    %flag_get/vec4 4;
    %and;
T_1.9;
    %flag_set/vec4 8;
    %jmp/0xz  T_1.7, 8;
    %pushi/vec4 0, 0, 2;
    %assign/vec4 v0x615b3aca3990_0, 0;
    %jmp T_1.8;
T_1.7 ;
    %load/vec4 v0x615b3aca3b60_0;
    %nor/r;
    %flag_set/vec4 9;
    %flag_get/vec4 9;
    %jmp/0 T_1.12, 9;
    %load/vec4 v0x615b3aca3a90_0;
    %pushi/vec4 0, 0, 2;
    %cmp/e;
    %flag_get/vec4 4;
    %and;
T_1.12;
    %flag_set/vec4 8;
    %jmp/0xz  T_1.10, 8;
    %pushi/vec4 2, 0, 2;
    %assign/vec4 v0x615b3aca3990_0, 0;
T_1.10 ;
T_1.8 ;
    %jmp T_1.4;
T_1.4 ;
    %pop/vec4 1;
T_1.1 ;
    %jmp T_1;
    .thread T_1;
    .scope S_0x615b3ac8dd40;
T_2 ;
    %wait E_0x615b3ac8bee0;
    %load/vec4 v0x615b3aca3f60_0;
    %cmpi/e 3, 0, 2;
    %jmp/0xz  T_2.0, 4;
    %load/vec4 v0x615b3aca4070_0;
    %pad/u 3;
    %addi 3, 0, 3;
    %store/vec4 v0x615b3aca3ec0_0, 0, 3;
    %jmp T_2.1;
T_2.0 ;
    %load/vec4 v0x615b3aca3f60_0;
    %pad/u 3;
    %store/vec4 v0x615b3aca3ec0_0, 0, 3;
T_2.1 ;
    %jmp T_2;
    .thread T_2, $push;
    .scope S_0x615b3ac8db10;
T_3 ;
    %pushi/vec4 0, 0, 1;
    %store/vec4 v0x615b3aca4340_0, 0, 1;
T_3.0 ;
    %delay 2000, 0;
    %load/vec4 v0x615b3aca4340_0;
    %inv;
    %store/vec4 v0x615b3aca4340_0, 0, 1;
    %jmp T_3.0;
    %end;
    .thread T_3;
    .scope S_0x615b3ac8db10;
T_4 ;
    %vpi_call 2 22 "$dumpfile", "dump.vcd" {0 0 0};
    %vpi_call 2 23 "$dumpvars", 32'sb00000000000000000000000000000000, S_0x615b3ac8db10 {0 0 0};
    %pushi/vec4 1, 0, 1;
    %store/vec4 v0x615b3aca4400_0, 0, 1;
    %delay 3000, 0;
    %pushi/vec4 0, 0, 1;
    %store/vec4 v0x615b3aca4400_0, 0, 1;
    %pushi/vec4 1, 0, 1;
    %store/vec4 v0x615b3aca4560_0, 0, 1;
    %delay 100000, 0;
    %vpi_call 2 30 "$finish" {0 0 0};
    %end;
    .thread T_4;
# The file index is used to find the file name in the following table.
:file_names 4;
    "N/A";
    "<interactive>";
    "communicating_fsms_tb.v";
    "communicating_fsms.v";
