#! /usr/bin/vvp
:ivl_version "12.0 (stable)";
:ivl_delay_selection "TYPICAL";
:vpi_time_precision - 12;
:vpi_module "/usr/lib/x86_64-linux-gnu/ivl/system.vpi";
:vpi_module "/usr/lib/x86_64-linux-gnu/ivl/vhdl_sys.vpi";
:vpi_module "/usr/lib/x86_64-linux-gnu/ivl/vhdl_textio.vpi";
:vpi_module "/usr/lib/x86_64-linux-gnu/ivl/v2005_math.vpi";
:vpi_module "/usr/lib/x86_64-linux-gnu/ivl/va_math.vpi";
S_0x5c7310f8c130 .scope module, "stack_tb" "stack_tb" 2 3;
 .timescale -9 -12;
P_0x5c7310f9d290 .param/l "bits_of_counter" 0 2 7, +C4<00000000000000000000000000000100>;
P_0x5c7310f9d2d0 .param/l "n_regs" 0 2 5, +C4<00000000000000000000000000001000>;
P_0x5c7310f9d310 .param/l "word_size" 0 2 6, +C4<00000000000000000000000000001000>;
v0x5c7310fd9590_0 .var "clk", 0 0;
v0x5c7310fd9650_0 .var "data_input", 7 0;
v0x5c7310fd96f0_0 .var/i "i", 31 0;
v0x5c7310fd9790_0 .net "lifo_empty", 0 0, v0x5c7310fb6840_0;  1 drivers
v0x5c7310fd9860_0 .net "lifo_full", 0 0, v0x5c7310f887e0_0;  1 drivers
v0x5c7310fd9950_0 .var "pop", 0 0;
v0x5c7310fd9a20_0 .var "push", 0 0;
v0x5c7310fd9af0_0 .var "reset", 0 0;
v0x5c7310fd9bc0_0 .net "stack_top", 7 0, v0x5c7310fd8b30_0;  1 drivers
S_0x5c7310f9d450 .scope module, "dut" "stack" 2 25, 3 1 0, S_0x5c7310f8c130;
 .timescale 0 0;
    .port_info 0 /INPUT 1 "clk";
    .port_info 1 /INPUT 1 "pop";
    .port_info 2 /INPUT 1 "push";
    .port_info 3 /INPUT 1 "reset";
    .port_info 4 /INPUT 8 "data_input";
    .port_info 5 /OUTPUT 8 "stack_top";
    .port_info 6 /OUTPUT 1 "lifo_empty";
    .port_info 7 /OUTPUT 1 "lifo_full";
P_0x5c7310f9d5e0 .param/l "bits_of_counter" 0 3 4, +C4<00000000000000000000000000000100>;
P_0x5c7310f9d620 .param/l "n_regs" 0 3 2, +C4<00000000000000000000000000001000>;
P_0x5c7310f9d660 .param/l "word_size" 0 3 3, +C4<00000000000000000000000000001000>;
v0x5c7310f8ce70_0 .net "clk", 0 0, v0x5c7310fd9590_0;  1 drivers
v0x5c7310f8d170_0 .net "data_input", 7 0, v0x5c7310fd9650_0;  1 drivers
v0x5c7310fb6560_0 .var/i "i", 31 0;
v0x5c7310fb6840_0 .var "lifo_empty", 0 0;
v0x5c7310f887e0_0 .var "lifo_full", 0 0;
v0x5c7310f88c50_0 .net "pop", 0 0, v0x5c7310fd9950_0;  1 drivers
v0x5c7310f86db0_0 .net "push", 0 0, v0x5c7310fd9a20_0;  1 drivers
v0x5c7310fd8990_0 .net "reset", 0 0, v0x5c7310fd9af0_0;  1 drivers
v0x5c7310fd8a50_0 .var "stack_pointer", 3 0;
v0x5c7310fd8b30_0 .var "stack_top", 7 0;
v0x5c7310fd8c10 .array "storage", 7 0, 7 0;
E_0x5c7310f97580 .event posedge, v0x5c7310f8ce70_0;
v0x5c7310fd8c10_0 .array/port v0x5c7310fd8c10, 0;
v0x5c7310fd8c10_1 .array/port v0x5c7310fd8c10, 1;
E_0x5c7310f98a40/0 .event anyedge, v0x5c7310fd8a50_0, v0x5c7310fb6840_0, v0x5c7310fd8c10_0, v0x5c7310fd8c10_1;
v0x5c7310fd8c10_2 .array/port v0x5c7310fd8c10, 2;
v0x5c7310fd8c10_3 .array/port v0x5c7310fd8c10, 3;
v0x5c7310fd8c10_4 .array/port v0x5c7310fd8c10, 4;
v0x5c7310fd8c10_5 .array/port v0x5c7310fd8c10, 5;
E_0x5c7310f98a40/1 .event anyedge, v0x5c7310fd8c10_2, v0x5c7310fd8c10_3, v0x5c7310fd8c10_4, v0x5c7310fd8c10_5;
v0x5c7310fd8c10_6 .array/port v0x5c7310fd8c10, 6;
v0x5c7310fd8c10_7 .array/port v0x5c7310fd8c10, 7;
E_0x5c7310f98a40/2 .event anyedge, v0x5c7310fd8c10_6, v0x5c7310fd8c10_7;
E_0x5c7310f98a40 .event/or E_0x5c7310f98a40/0, E_0x5c7310f98a40/1, E_0x5c7310f98a40/2;
S_0x5c7310fd8f20 .scope task, "pop_value" "pop_value" 2 60, 2 60 0, S_0x5c7310f8c130;
 .timescale -9 -12;
E_0x5c7310f97fc0 .event negedge, v0x5c7310f8ce70_0;
TD_stack_tb.pop_value ;
    %wait E_0x5c7310f97fc0;
    %pushi/vec4 0, 0, 1;
    %store/vec4 v0x5c7310fd9a20_0, 0, 1;
    %pushi/vec4 1, 0, 1;
    %store/vec4 v0x5c7310fd9950_0, 0, 1;
    %wait E_0x5c7310f97fc0;
    %pushi/vec4 0, 0, 1;
    %store/vec4 v0x5c7310fd9950_0, 0, 1;
    %end;
S_0x5c7310fd90f0 .scope task, "print_state" "print_state" 2 75, 2 75 0, S_0x5c7310f8c130;
 .timescale -9 -12;
TD_stack_tb.print_state ;
    %vpi_call 2 77 "$display", "time=%0t  pointer=%0d  empty=%b  full=%b  top=%h", $time, v0x5c7310fd8a50_0, v0x5c7310fd9790_0, v0x5c7310fd9860_0, v0x5c7310fd9bc0_0 {0 0 0};
    %end;
S_0x5c7310fd92d0 .scope task, "push_value" "push_value" 2 43, 2 43 0, S_0x5c7310f8c130;
 .timescale -9 -12;
v0x5c7310fd94b0_0 .var "value", 7 0;
TD_stack_tb.push_value ;
    %wait E_0x5c7310f97fc0;
    %load/vec4 v0x5c7310fd94b0_0;
    %store/vec4 v0x5c7310fd9650_0, 0, 8;
    %pushi/vec4 1, 0, 1;
    %store/vec4 v0x5c7310fd9a20_0, 0, 1;
    %pushi/vec4 0, 0, 1;
    %store/vec4 v0x5c7310fd9950_0, 0, 1;
    %wait E_0x5c7310f97fc0;
    %pushi/vec4 0, 0, 1;
    %store/vec4 v0x5c7310fd9a20_0, 0, 1;
    %end;
    .scope S_0x5c7310f9d450;
T_3 ;
    %wait E_0x5c7310f98a40;
    %load/vec4 v0x5c7310fd8a50_0;
    %pushi/vec4 0, 0, 4;
    %cmp/e;
    %flag_get/vec4 4;
    %store/vec4 v0x5c7310fb6840_0, 0, 1;
    %load/vec4 v0x5c7310fd8a50_0;
    %pad/u 32;
    %pushi/vec4 8, 0, 32;
    %cmp/e;
    %flag_get/vec4 4;
    %store/vec4 v0x5c7310f887e0_0, 0, 1;
    %load/vec4 v0x5c7310fb6840_0;
    %nor/r;
    %flag_set/vec4 8;
    %jmp/0xz  T_3.0, 8;
    %load/vec4 v0x5c7310fd8a50_0;
    %pad/u 32;
    %subi 1, 0, 32;
    %ix/vec4 4;
    %load/vec4a v0x5c7310fd8c10, 4;
    %store/vec4 v0x5c7310fd8b30_0, 0, 8;
    %jmp T_3.1;
T_3.0 ;
    %pushi/vec4 0, 0, 8;
    %store/vec4 v0x5c7310fd8b30_0, 0, 8;
T_3.1 ;
    %jmp T_3;
    .thread T_3, $push;
    .scope S_0x5c7310f9d450;
T_4 ;
    %wait E_0x5c7310f97580;
    %load/vec4 v0x5c7310fd8990_0;
    %flag_set/vec4 8;
    %jmp/0xz  T_4.0, 8;
    %pushi/vec4 0, 0, 32;
    %store/vec4 v0x5c7310fb6560_0, 0, 32;
T_4.2 ;
    %load/vec4 v0x5c7310fb6560_0;
    %cmpi/s 8, 0, 32;
    %jmp/0xz T_4.3, 5;
    %pushi/vec4 0, 0, 8;
    %ix/getv/s 3, v0x5c7310fb6560_0;
    %ix/load 4, 0, 0; Constant delay
    %assign/vec4/a/d v0x5c7310fd8c10, 0, 4;
    %load/vec4 v0x5c7310fb6560_0;
    %addi 1, 0, 32;
    %store/vec4 v0x5c7310fb6560_0, 0, 32;
    %jmp T_4.2;
T_4.3 ;
    %pushi/vec4 0, 0, 4;
    %assign/vec4 v0x5c7310fd8a50_0, 0;
    %jmp T_4.1;
T_4.0 ;
    %load/vec4 v0x5c7310f88c50_0;
    %load/vec4 v0x5c7310fb6840_0;
    %inv;
    %and;
    %load/vec4 v0x5c7310f86db0_0;
    %load/vec4 v0x5c7310f887e0_0;
    %inv;
    %and;
    %concat/vec4; draw_concat_vec4
    %dup/vec4;
    %pushi/vec4 1, 0, 2;
    %cmp/u;
    %jmp/1 T_4.4, 6;
    %dup/vec4;
    %pushi/vec4 2, 0, 2;
    %cmp/u;
    %jmp/1 T_4.5, 6;
    %jmp T_4.6;
T_4.4 ;
    %load/vec4 v0x5c7310f8d170_0;
    %load/vec4 v0x5c7310fd8a50_0;
    %pad/u 5;
    %ix/vec4 3;
    %ix/load 4, 0, 0; Constant delay
    %assign/vec4/a/d v0x5c7310fd8c10, 0, 4;
    %load/vec4 v0x5c7310fd8a50_0;
    %addi 1, 0, 4;
    %assign/vec4 v0x5c7310fd8a50_0, 0;
    %jmp T_4.6;
T_4.5 ;
    %load/vec4 v0x5c7310fd8a50_0;
    %subi 1, 0, 4;
    %assign/vec4 v0x5c7310fd8a50_0, 0;
    %jmp T_4.6;
T_4.6 ;
    %pop/vec4 1;
T_4.1 ;
    %jmp T_4;
    .thread T_4;
    .scope S_0x5c7310f8c130;
T_5 ;
    %delay 5000, 0;
    %load/vec4 v0x5c7310fd9590_0;
    %inv;
    %store/vec4 v0x5c7310fd9590_0, 0, 1;
    %jmp T_5;
    .thread T_5;
    .scope S_0x5c7310f8c130;
T_6 ;
    %pushi/vec4 0, 0, 1;
    %store/vec4 v0x5c7310fd9590_0, 0, 1;
    %pushi/vec4 0, 0, 1;
    %store/vec4 v0x5c7310fd9af0_0, 0, 1;
    %pushi/vec4 0, 0, 1;
    %store/vec4 v0x5c7310fd9950_0, 0, 1;
    %pushi/vec4 0, 0, 1;
    %store/vec4 v0x5c7310fd9a20_0, 0, 1;
    %pushi/vec4 0, 0, 8;
    %store/vec4 v0x5c7310fd9650_0, 0, 8;
    %vpi_call 2 99 "$dumpfile", "stack_tb.vcd" {0 0 0};
    %vpi_call 2 100 "$dumpvars", 32'sb00000000000000000000000000000000, S_0x5c7310f8c130 {0 0 0};
    %vpi_call 2 107 "$display", "\012--- TEST 1: RESET ---" {0 0 0};
    %wait E_0x5c7310f97fc0;
    %pushi/vec4 1, 0, 1;
    %store/vec4 v0x5c7310fd9af0_0, 0, 1;
    %wait E_0x5c7310f97fc0;
    %pushi/vec4 0, 0, 1;
    %store/vec4 v0x5c7310fd9af0_0, 0, 1;
    %delay 1000, 0;
    %fork TD_stack_tb.print_state, S_0x5c7310fd90f0;
    %join;
    %load/vec4 v0x5c7310fd9790_0;
    %cmpi/ne 1, 0, 1;
    %jmp/0xz  T_6.0, 6;
    %vpi_call 2 120 "$display", "ERROR: Stack should be empty after reset" {0 0 0};
T_6.0 ;
    %load/vec4 v0x5c7310fd9860_0;
    %cmpi/ne 0, 0, 1;
    %jmp/0xz  T_6.2, 6;
    %vpi_call 2 123 "$display", "ERROR: Stack should not be full after reset" {0 0 0};
T_6.2 ;
    %load/vec4 v0x5c7310fd9bc0_0;
    %cmpi/ne 0, 0, 8;
    %jmp/0xz  T_6.4, 6;
    %vpi_call 2 126 "$display", "ERROR: Stack top should be zero after reset, got %h", v0x5c7310fd9bc0_0 {0 0 0};
T_6.4 ;
    %vpi_call 2 136 "$display", "\012--- TEST 2: PUSH 11 ---" {0 0 0};
    %pushi/vec4 17, 0, 8;
    %store/vec4 v0x5c7310fd94b0_0, 0, 8;
    %fork TD_stack_tb.push_value, S_0x5c7310fd92d0;
    %join;
    %delay 1000, 0;
    %fork TD_stack_tb.print_state, S_0x5c7310fd90f0;
    %join;
    %load/vec4 v0x5c7310fd9bc0_0;
    %cmpi/ne 17, 0, 8;
    %jmp/0xz  T_6.6, 6;
    %vpi_call 2 143 "$display", "ERROR: Expected top=11, got %h", v0x5c7310fd9bc0_0 {0 0 0};
T_6.6 ;
    %load/vec4 v0x5c7310fd9790_0;
    %cmpi/ne 0, 0, 1;
    %jmp/0xz  T_6.8, 6;
    %vpi_call 2 149 "$display", "ERROR: Stack should not be empty" {0 0 0};
T_6.8 ;
    %vpi_call 2 156 "$display", "\012--- TEST 3: PUSH 22, 33 ---" {0 0 0};
    %pushi/vec4 34, 0, 8;
    %store/vec4 v0x5c7310fd94b0_0, 0, 8;
    %fork TD_stack_tb.push_value, S_0x5c7310fd92d0;
    %join;
    %fork TD_stack_tb.print_state, S_0x5c7310fd90f0;
    %join;
    %load/vec4 v0x5c7310fd9bc0_0;
    %cmpi/ne 34, 0, 8;
    %jmp/0xz  T_6.10, 6;
    %vpi_call 2 162 "$display", "ERROR: Expected top=22, got %h", v0x5c7310fd9bc0_0 {0 0 0};
T_6.10 ;
    %pushi/vec4 51, 0, 8;
    %store/vec4 v0x5c7310fd94b0_0, 0, 8;
    %fork TD_stack_tb.push_value, S_0x5c7310fd92d0;
    %join;
    %fork TD_stack_tb.print_state, S_0x5c7310fd90f0;
    %join;
    %load/vec4 v0x5c7310fd9bc0_0;
    %cmpi/ne 51, 0, 8;
    %jmp/0xz  T_6.12, 6;
    %vpi_call 2 171 "$display", "ERROR: Expected top=33, got %h", v0x5c7310fd9bc0_0 {0 0 0};
T_6.12 ;
    %vpi_call 2 181 "$display", "\012--- TEST 4: POP 33 ---" {0 0 0};
    %fork TD_stack_tb.pop_value, S_0x5c7310fd8f20;
    %join;
    %delay 1000, 0;
    %fork TD_stack_tb.print_state, S_0x5c7310fd90f0;
    %join;
    %load/vec4 v0x5c7310fd9bc0_0;
    %cmpi/ne 34, 0, 8;
    %jmp/0xz  T_6.14, 6;
    %vpi_call 2 188 "$display", "ERROR: Expected top=22 after pop, got %h", v0x5c7310fd9bc0_0 {0 0 0};
T_6.14 ;
    %vpi_call 2 194 "$display", "\012--- POP 22 ---" {0 0 0};
    %fork TD_stack_tb.pop_value, S_0x5c7310fd8f20;
    %join;
    %delay 1000, 0;
    %fork TD_stack_tb.print_state, S_0x5c7310fd90f0;
    %join;
    %load/vec4 v0x5c7310fd9bc0_0;
    %cmpi/ne 17, 0, 8;
    %jmp/0xz  T_6.16, 6;
    %vpi_call 2 201 "$display", "ERROR: Expected top=11 after pop, got %h", v0x5c7310fd9bc0_0 {0 0 0};
T_6.16 ;
    %vpi_call 2 207 "$display", "\012--- POP 11 ---" {0 0 0};
    %fork TD_stack_tb.pop_value, S_0x5c7310fd8f20;
    %join;
    %delay 1000, 0;
    %fork TD_stack_tb.print_state, S_0x5c7310fd90f0;
    %join;
    %load/vec4 v0x5c7310fd9790_0;
    %cmpi/ne 1, 0, 1;
    %jmp/0xz  T_6.18, 6;
    %vpi_call 2 214 "$display", "ERROR: Stack should be empty after final pop" {0 0 0};
T_6.18 ;
    %vpi_call 2 223 "$display", "\012--- TEST 5: POP WHILE EMPTY ---" {0 0 0};
    %fork TD_stack_tb.pop_value, S_0x5c7310fd8f20;
    %join;
    %delay 1000, 0;
    %fork TD_stack_tb.print_state, S_0x5c7310fd90f0;
    %join;
    %load/vec4 v0x5c7310fd9790_0;
    %cmpi/ne 1, 0, 1;
    %jmp/0xz  T_6.20, 6;
    %vpi_call 2 230 "$display", "ERROR: Stack changed after pop while empty" {0 0 0};
T_6.20 ;
    %load/vec4 v0x5c7310fd8a50_0;
    %pad/u 32;
    %cmpi/ne 0, 0, 32;
    %jmp/0xz  T_6.22, 6;
    %vpi_call 2 235 "$display", "ERROR: Pointer changed after pop while empty" {0 0 0};
T_6.22 ;
    %vpi_call 2 244 "$display", "\012--- TEST 6: FILL STACK ---" {0 0 0};
    %pushi/vec4 0, 0, 32;
    %store/vec4 v0x5c7310fd96f0_0, 0, 32;
T_6.24 ;
    %load/vec4 v0x5c7310fd96f0_0;
    %cmpi/s 8, 0, 32;
    %jmp/0xz T_6.25, 5;
    %load/vec4 v0x5c7310fd96f0_0;
    %addi 1, 0, 32;
    %pad/s 8;
    %store/vec4 v0x5c7310fd94b0_0, 0, 8;
    %fork TD_stack_tb.push_value, S_0x5c7310fd92d0;
    %join;
    %fork TD_stack_tb.print_state, S_0x5c7310fd90f0;
    %join;
    %load/vec4 v0x5c7310fd96f0_0;
    %addi 1, 0, 32;
    %store/vec4 v0x5c7310fd96f0_0, 0, 32;
    %jmp T_6.24;
T_6.25 ;
    %load/vec4 v0x5c7310fd9860_0;
    %cmpi/ne 1, 0, 1;
    %jmp/0xz  T_6.26, 6;
    %vpi_call 2 252 "$display", "ERROR: Stack should be full" {0 0 0};
T_6.26 ;
    %load/vec4 v0x5c7310fd8a50_0;
    %pad/u 32;
    %cmpi/ne 8, 0, 32;
    %jmp/0xz  T_6.28, 6;
    %vpi_call 2 257 "$display", "ERROR: Expected pointer=%0d, got %0d", P_0x5c7310f9d2d0, v0x5c7310fd8a50_0 {0 0 0};
T_6.28 ;
    %load/vec4 v0x5c7310fd9bc0_0;
    %pad/u 32;
    %cmpi/ne 8, 0, 32;
    %jmp/0xz  T_6.30, 6;
    %vpi_call 2 264 "$display", "ERROR: Expected top=%0d, got %h", P_0x5c7310f9d2d0, v0x5c7310fd9bc0_0 {0 0 0};
T_6.30 ;
    %vpi_call 2 275 "$display", "\012--- TEST 7: PUSH WHILE FULL ---" {0 0 0};
    %pushi/vec4 255, 0, 8;
    %store/vec4 v0x5c7310fd94b0_0, 0, 8;
    %fork TD_stack_tb.push_value, S_0x5c7310fd92d0;
    %join;
    %delay 1000, 0;
    %fork TD_stack_tb.print_state, S_0x5c7310fd90f0;
    %join;
    %load/vec4 v0x5c7310fd9860_0;
    %cmpi/ne 1, 0, 1;
    %jmp/0xz  T_6.32, 6;
    %vpi_call 2 282 "$display", "ERROR: Stack should remain full" {0 0 0};
T_6.32 ;
    %load/vec4 v0x5c7310fd8a50_0;
    %pad/u 32;
    %cmpi/ne 8, 0, 32;
    %jmp/0xz  T_6.34, 6;
    %vpi_call 2 287 "$display", "ERROR: Pointer changed after push while full" {0 0 0};
T_6.34 ;
    %load/vec4 v0x5c7310fd9bc0_0;
    %pad/u 32;
    %cmpi/ne 8, 0, 32;
    %jmp/0xz  T_6.36, 6;
    %vpi_call 2 292 "$display", "ERROR: Top changed after push while full" {0 0 0};
T_6.36 ;
    %vpi_call 2 301 "$display", "\012--- TEST 8: EMPTY STACK ---" {0 0 0};
    %pushi/vec4 8, 0, 32;
    %store/vec4 v0x5c7310fd96f0_0, 0, 32;
T_6.38 ;
    %load/vec4 v0x5c7310fd96f0_0;
    %cmpi/s 0, 0, 32;
    %flag_or 5, 4; GT is !LE
    %flag_inv 5;
    %jmp/0xz T_6.39, 5;
    %load/vec4 v0x5c7310fd9bc0_0;
    %pad/u 32;
    %load/vec4 v0x5c7310fd96f0_0;
    %cmp/ne;
    %jmp/0xz  T_6.40, 6;
    %vpi_call 2 306 "$display", "ERROR: Expected top=%0d, got %h", v0x5c7310fd96f0_0, v0x5c7310fd9bc0_0 {0 0 0};
T_6.40 ;
    %fork TD_stack_tb.pop_value, S_0x5c7310fd8f20;
    %join;
    %delay 1000, 0;
    %fork TD_stack_tb.print_state, S_0x5c7310fd90f0;
    %join;
    %load/vec4 v0x5c7310fd96f0_0;
    %subi 1, 0, 32;
    %store/vec4 v0x5c7310fd96f0_0, 0, 32;
    %jmp T_6.38;
T_6.39 ;
    %load/vec4 v0x5c7310fd9790_0;
    %cmpi/ne 1, 0, 1;
    %jmp/0xz  T_6.42, 6;
    %vpi_call 2 319 "$display", "ERROR: Stack should be empty" {0 0 0};
T_6.42 ;
    %load/vec4 v0x5c7310fd8a50_0;
    %pad/u 32;
    %cmpi/ne 0, 0, 32;
    %jmp/0xz  T_6.44, 6;
    %vpi_call 2 324 "$display", "ERROR: Pointer should be zero" {0 0 0};
T_6.44 ;
    %vpi_call 2 333 "$display", "\012--- TEST 9: RESET NON-EMPTY STACK ---" {0 0 0};
    %pushi/vec4 170, 0, 8;
    %store/vec4 v0x5c7310fd94b0_0, 0, 8;
    %fork TD_stack_tb.push_value, S_0x5c7310fd92d0;
    %join;
    %pushi/vec4 187, 0, 8;
    %store/vec4 v0x5c7310fd94b0_0, 0, 8;
    %fork TD_stack_tb.push_value, S_0x5c7310fd92d0;
    %join;
    %pushi/vec4 204, 0, 8;
    %store/vec4 v0x5c7310fd94b0_0, 0, 8;
    %fork TD_stack_tb.push_value, S_0x5c7310fd92d0;
    %join;
    %fork TD_stack_tb.print_state, S_0x5c7310fd90f0;
    %join;
    %wait E_0x5c7310f97fc0;
    %pushi/vec4 1, 0, 1;
    %store/vec4 v0x5c7310fd9af0_0, 0, 1;
    %wait E_0x5c7310f97fc0;
    %pushi/vec4 0, 0, 1;
    %store/vec4 v0x5c7310fd9af0_0, 0, 1;
    %delay 1000, 0;
    %fork TD_stack_tb.print_state, S_0x5c7310fd90f0;
    %join;
    %load/vec4 v0x5c7310fd9790_0;
    %cmpi/ne 1, 0, 1;
    %jmp/0xz  T_6.46, 6;
    %vpi_call 2 351 "$display", "ERROR: Stack should be empty after reset" {0 0 0};
T_6.46 ;
    %load/vec4 v0x5c7310fd8a50_0;
    %pad/u 32;
    %cmpi/ne 0, 0, 32;
    %jmp/0xz  T_6.48, 6;
    %vpi_call 2 356 "$display", "ERROR: Pointer should be zero after reset" {0 0 0};
T_6.48 ;
    %vpi_call 2 365 "$display", "\012================================" {0 0 0};
    %vpi_call 2 366 "$display", "       TESTBENCH COMPLETE" {0 0 0};
    %vpi_call 2 367 "$display", "================================\012" {0 0 0};
    %delay 10000, 0;
    %vpi_call 2 370 "$finish" {0 0 0};
    %end;
    .thread T_6;
# The file index is used to find the file name in the following table.
:file_names 4;
    "N/A";
    "<interactive>";
    "stack_test2.v";
    "stack2.v";
